Archive member included to satisfy reference by file (symbol)

../qtouch/lib/gcc\libqtm_touch_key_avr128da_0x0002.a(avr_touch_key_g_avr128da.o)
                              qtouch/touch.o (qtm_update_qtlib_timer)
../qtouch/lib/gcc\libqtm_surface_cs_avr128da_0x0021.a(avr_surface_cs_g_avr128da.o)
                              qtouch/touch.o (qtm_surface_cs_process)
../qtouch/lib/gcc\libqtm_acq_avr128da_0x0037.a(avr_acq_g_avr128da.o)
                              qtouch/touch.o (qtm_acquisition_process)
c:/program files (x86)/atmel/studio/7.0/toolchain/avr8/avr8-gnu-toolchain/bin/../lib/gcc/avr/5.4.0/avrxmega4\libgcc.a(_exit.o)
                              C:/Program Files (x86)/Atmel/Studio/7.0/Packs/Atmel/AVR-Dx_DFP/1.8.95/gcc/dev/avr128da48/avrxmega4/crtavr128da48.o (exit)
c:/program files (x86)/atmel/studio/7.0/toolchain/avr8/avr8-gnu-toolchain/bin/../lib/gcc/avr/5.4.0/avrxmega4\libgcc.a(_copy_data.o)
                              qtouch/datastreamer/kronocommadaptor.o (__do_copy_data)
c:/program files (x86)/atmel/studio/7.0/toolchain/avr8/avr8-gnu-toolchain/bin/../lib/gcc/avr/5.4.0/avrxmega4\libgcc.a(_clear_bss.o)
                              examples/src/touch_example.o (__do_clear_bss)
c:/program files (x86)/atmel/studio/7.0/toolchain/avr8/avr8-gnu-toolchain/bin/../lib/gcc/avr/5.4.0/avrxmega4\libgcc.a(_ashrdi3.o)
                              ../qtouch/lib/gcc\libqtm_acq_avr128da_0x0037.a(avr_acq_g_avr128da.o) (__lshrdi3)
c:/program files (x86)/atmel/studio/7.0/toolchain/avr8/avr8-gnu-toolchain/bin/../lib/gcc/avr/5.4.0/avrxmega4\libgcc.a(_cmpdi2_s8.o)
                              ../qtouch/lib/gcc\libqtm_acq_avr128da_0x0037.a(avr_acq_g_avr128da.o) (__cmpdi2_s8)

Allocating common symbols
Common symbol       size              file

read_buf_write_ptr  0x1               qtouch/datastreamer/kronocommuart.o
qtm_surface_cs_data1
                    0xb               qtouch/touch.o
qtlib_key_grp_data_set1
                    0x6               qtouch/touch.o
write_buf_read_ptr  0x1               qtouch/datastreamer/kronocommuart.o
uart_command_info   0x6               qtouch/datastreamer/kronocommuart.o
qtm_acquisition_control_working_set_ptr
                    0x2               ../qtouch/lib/gcc\libqtm_acq_avr128da_0x0037.a(avr_acq_g_avr128da.o)
interrupt_cnt       0x1               qtouch/touch.o
ptc_qtlib_node_stat1
                    0x1e              qtouch/touch.o
write_buf_write_ptr
                    0x1               qtouch/datastreamer/kronocommuart.o
touch_acq_signals_raw
                    0xc               qtouch/touch.o
read_buffer         0x14              qtouch/datastreamer/kronocommuart.o
read_buf_read_ptr   0x1               qtouch/datastreamer/kronocommuart.o
qtlib_key_data_set1
                    0x24              qtouch/touch.o
qtm_raw_data_measurements_ptr
                    0x2               ../qtouch/lib/gcc\libqtm_acq_avr128da_0x0037.a(avr_acq_g_avr128da.o)
write_buffer        0x64              qtouch/datastreamer/kronocommuart.o
uart_tx_in_progress
                    0x1               qtouch/datastreamer/kronocommuart.o
uart_runtime_data   0x2d              qtouch/datastreamer/kronocommuart.o

Discarded input sections

 .data          0x00000000        0x0 C:/Program Files (x86)/Atmel/Studio/7.0/Packs/Atmel/AVR-Dx_DFP/1.8.95/gcc/dev/avr128da48/avrxmega4/crtavr128da48.o
 .bss           0x00000000        0x0 C:/Program Files (x86)/Atmel/Studio/7.0/Packs/Atmel/AVR-Dx_DFP/1.8.95/gcc/dev/avr128da48/avrxmega4/crtavr128da48.o
 .text          0x00000000        0x0 atmel_start.o
 .data          0x00000000        0x0 atmel_start.o
 .bss           0x00000000        0x0 atmel_start.o
 .text          0x00000000        0x0 driver_isr.o
 .data          0x00000000        0x0 driver_isr.o
 .bss           0x00000000        0x0 driver_isr.o
 .text          0x00000000        0x0 examples/src/touch_example.o
 .data          0x00000000        0x0 examples/src/touch_example.o
 .bss           0x00000000        0x0 examples/src/touch_example.o
 .text          0x00000000        0x0 main.o
 .data          0x00000000        0x0 main.o
 .bss           0x00000000        0x0 main.o
 .text          0x00000000        0x0 qtouch/datastreamer/kronocommadaptor.o
 .data          0x00000000        0x0 qtouch/datastreamer/kronocommadaptor.o
 .bss           0x00000000        0x0 qtouch/datastreamer/kronocommadaptor.o
 .text.isPowerOfTwo
                0x00000000       0x24 qtouch/datastreamer/kronocommadaptor.o
 .text.InitIRQPin
                0x00000000        0x2 qtouch/datastreamer/kronocommadaptor.o
 .text.SetIRQPin
                0x00000000        0x2 qtouch/datastreamer/kronocommadaptor.o
 .text.ClearIRQPin
                0x00000000        0x2 qtouch/datastreamer/kronocommadaptor.o
 .text          0x00000000        0x0 qtouch/datastreamer/kronocommuart.o
 .data          0x00000000        0x0 qtouch/datastreamer/kronocommuart.o
 .bss           0x00000000        0x0 qtouch/datastreamer/kronocommuart.o
 .bss.transmit_completed
                0x00000000        0x1 qtouch/datastreamer/kronocommuart.o
 .text          0x00000000        0x0 qtouch/touch.o
 .data          0x00000000        0x0 qtouch/touch.o
 .bss           0x00000000        0x0 qtouch/touch.o
 .text.get_sensor_node_signal
                0x00000000       0x1a qtouch/touch.o
 .text.update_sensor_node_signal
                0x00000000       0x1a qtouch/touch.o
 .text.get_sensor_node_reference
                0x00000000       0x1a qtouch/touch.o
 .text.update_sensor_node_reference
                0x00000000       0x1a qtouch/touch.o
 .text.get_sensor_cc_val
                0x00000000       0x1a qtouch/touch.o
 .text.update_sensor_cc_val
                0x00000000       0x1a qtouch/touch.o
 .text.update_sensor_state
                0x00000000       0x1e qtouch/touch.o
 .text.calibrate_node
                0x00000000       0x32 qtouch/touch.o
 .text.get_surface_status
                0x00000000        0xc qtouch/touch.o
 .text.get_surface_position
                0x00000000       0x1c qtouch/touch.o
 .text          0x00000000        0x0 src/bod.o
 .data          0x00000000        0x0 src/bod.o
 .bss           0x00000000        0x0 src/bod.o
 .text          0x00000000        0x0 src/clkctrl.o
 .data          0x00000000        0x0 src/clkctrl.o
 .bss           0x00000000        0x0 src/clkctrl.o
 .text          0x00000000        0x0 src/cpuint.o
 .data          0x00000000        0x0 src/cpuint.o
 .bss           0x00000000        0x0 src/cpuint.o
 .text          0x00000000        0x0 src/driver_init.o
 .data          0x00000000        0x0 src/driver_init.o
 .bss           0x00000000        0x0 src/driver_init.o
 .text          0x00000000        0x0 src/libraries/Adafruit_NeoPixel/esp.o
 .data          0x00000000        0x0 src/libraries/Adafruit_NeoPixel/esp.o
 .bss           0x00000000        0x0 src/libraries/Adafruit_NeoPixel/esp.o
 .debug_line    0x00000000        0x0 src/libraries/Adafruit_NeoPixel/esp.o
 .debug_str     0x00000000      0x10e src/libraries/Adafruit_NeoPixel/esp.o
 .comment       0x00000000       0x31 src/libraries/Adafruit_NeoPixel/esp.o
 .text          0x00000000        0x0 src/libraries/Adafruit_NeoPixel/esp8266.o
 .data          0x00000000        0x0 src/libraries/Adafruit_NeoPixel/esp8266.o
 .bss           0x00000000        0x0 src/libraries/Adafruit_NeoPixel/esp8266.o
 .debug_line    0x00000000        0x0 src/libraries/Adafruit_NeoPixel/esp8266.o
 .debug_str     0x00000000      0x112 src/libraries/Adafruit_NeoPixel/esp8266.o
 .comment       0x00000000       0x31 src/libraries/Adafruit_NeoPixel/esp8266.o
 .text          0x00000000        0x0 src/libraries/Adafruit_NeoPixel/kendyte_k210.o
 .data          0x00000000        0x0 src/libraries/Adafruit_NeoPixel/kendyte_k210.o
 .bss           0x00000000        0x0 src/libraries/Adafruit_NeoPixel/kendyte_k210.o
 .debug_line    0x00000000        0x0 src/libraries/Adafruit_NeoPixel/kendyte_k210.o
 .debug_str     0x00000000      0x117 src/libraries/Adafruit_NeoPixel/kendyte_k210.o
 .comment       0x00000000       0x31 src/libraries/Adafruit_NeoPixel/kendyte_k210.o
 .text          0x00000000        0x0 src/protected_io.o
 .data          0x00000000        0x0 src/protected_io.o
 .bss           0x00000000        0x0 src/protected_io.o
 .text          0x00000000        0x0 src/rtc.o
 .data          0x00000000        0x0 src/rtc.o
 .bss           0x00000000        0x0 src/rtc.o
 .text          0x00000000        0x0 src/slpctrl.o
 .data          0x00000000        0x0 src/slpctrl.o
 .bss           0x00000000        0x0 src/slpctrl.o
 .text.SLPCTRL_set_sleep_mode
                0x00000000       0x10 src/slpctrl.o
 .text          0x00000000        0x0 src/usart.o
 .data          0x00000000        0x0 src/usart.o
 .bss           0x00000000        0x0 src/usart.o
 .text          0x00000000        0x0 ../qtouch/lib/gcc\libqtm_touch_key_avr128da_0x0002.a(avr_touch_key_g_avr128da.o)
 .data          0x00000000        0x0 ../qtouch/lib/gcc\libqtm_touch_key_avr128da_0x0002.a(avr_touch_key_g_avr128da.o)
 .bss           0x00000000        0x0 ../qtouch/lib/gcc\libqtm_touch_key_avr128da_0x0002.a(avr_touch_key_g_avr128da.o)
 .text.qtm_key_suspend
                0x00000000       0x4e ../qtouch/lib/gcc\libqtm_touch_key_avr128da_0x0002.a(avr_touch_key_g_avr128da.o)
 .text.qtm_key_resume
                0x00000000       0x4e ../qtouch/lib/gcc\libqtm_touch_key_avr128da_0x0002.a(avr_touch_key_g_avr128da.o)
 .text.qtm_get_touch_keys_module_id
                0x00000000        0x6 ../qtouch/lib/gcc\libqtm_touch_key_avr128da_0x0002.a(avr_touch_key_g_avr128da.o)
 .text.qtm_get_touch_keys_module_ver
                0x00000000        0x4 ../qtouch/lib/gcc\libqtm_touch_key_avr128da_0x0002.a(avr_touch_key_g_avr128da.o)
 .text          0x00000000        0x0 ../qtouch/lib/gcc\libqtm_surface_cs_avr128da_0x0021.a(avr_surface_cs_g_avr128da.o)
 .data          0x00000000        0x0 ../qtouch/lib/gcc\libqtm_surface_cs_avr128da_0x0021.a(avr_surface_cs_g_avr128da.o)
 .bss           0x00000000        0x0 ../qtouch/lib/gcc\libqtm_surface_cs_avr128da_0x0021.a(avr_surface_cs_g_avr128da.o)
 .text.qtm_get_surface_cs_module_id
                0x00000000        0x6 ../qtouch/lib/gcc\libqtm_surface_cs_avr128da_0x0021.a(avr_surface_cs_g_avr128da.o)
 .text.qtm_get_surface_cs_module_ver
                0x00000000        0x4 ../qtouch/lib/gcc\libqtm_surface_cs_avr128da_0x0021.a(avr_surface_cs_g_avr128da.o)
 .text          0x00000000        0x0 ../qtouch/lib/gcc\libqtm_acq_avr128da_0x0037.a(avr_acq_g_avr128da.o)
 .data          0x00000000        0x0 ../qtouch/lib/gcc\libqtm_acq_avr128da_0x0037.a(avr_acq_g_avr128da.o)
 .bss           0x00000000        0x0 ../qtouch/lib/gcc\libqtm_acq_avr128da_0x0037.a(avr_acq_g_avr128da.o)
 .text.qtm_autoscan_sensor_node
                0x00000000      0x110 ../qtouch/lib/gcc\libqtm_acq_avr128da_0x0037.a(avr_acq_g_avr128da.o)
 .text.qtm_autoscan_node_cancel
                0x00000000       0x1e ../qtouch/lib/gcc\libqtm_acq_avr128da_0x0037.a(avr_acq_g_avr128da.o)
 .text.qtm_ptc_de_init
                0x00000000        0x6 ../qtouch/lib/gcc\libqtm_acq_avr128da_0x0037.a(avr_acq_g_avr128da.o)
 .text.qtm_avr_da_acq_module_get_id
                0x00000000        0x6 ../qtouch/lib/gcc\libqtm_acq_avr128da_0x0037.a(avr_acq_g_avr128da.o)
 .text.qtm_avr_da_acq_module_get_version
                0x00000000        0x4 ../qtouch/lib/gcc\libqtm_acq_avr128da_0x0037.a(avr_acq_g_avr128da.o)
 .text          0x00000000        0x0 c:/program files (x86)/atmel/studio/7.0/toolchain/avr8/avr8-gnu-toolchain/bin/../lib/gcc/avr/5.4.0/avrxmega4\libgcc.a(_exit.o)
 .data          0x00000000        0x0 c:/program files (x86)/atmel/studio/7.0/toolchain/avr8/avr8-gnu-toolchain/bin/../lib/gcc/avr/5.4.0/avrxmega4\libgcc.a(_exit.o)
 .bss           0x00000000        0x0 c:/program files (x86)/atmel/studio/7.0/toolchain/avr8/avr8-gnu-toolchain/bin/../lib/gcc/avr/5.4.0/avrxmega4\libgcc.a(_exit.o)
 .text.libgcc.mul
                0x00000000        0x0 c:/program files (x86)/atmel/studio/7.0/toolchain/avr8/avr8-gnu-toolchain/bin/../lib/gcc/avr/5.4.0/avrxmega4\libgcc.a(_exit.o)
 .text.libgcc.div
                0x00000000        0x0 c:/program files (x86)/atmel/studio/7.0/toolchain/avr8/avr8-gnu-toolchain/bin/../lib/gcc/avr/5.4.0/avrxmega4\libgcc.a(_exit.o)
 .text.libgcc   0x00000000        0x0 c:/program files (x86)/atmel/studio/7.0/toolchain/avr8/avr8-gnu-toolchain/bin/../lib/gcc/avr/5.4.0/avrxmega4\libgcc.a(_exit.o)
 .text.libgcc.prologue
                0x00000000        0x0 c:/program files (x86)/atmel/studio/7.0/toolchain/avr8/avr8-gnu-toolchain/bin/../lib/gcc/avr/5.4.0/avrxmega4\libgcc.a(_exit.o)
 .text.libgcc.builtins
                0x00000000        0x0 c:/program files (x86)/atmel/studio/7.0/toolchain/avr8/avr8-gnu-toolchain/bin/../lib/gcc/avr/5.4.0/avrxmega4\libgcc.a(_exit.o)
 .text.libgcc.fmul
                0x00000000        0x0 c:/program files (x86)/atmel/studio/7.0/toolchain/avr8/avr8-gnu-toolchain/bin/../lib/gcc/avr/5.4.0/avrxmega4\libgcc.a(_exit.o)
 .text.libgcc.fixed
                0x00000000        0x0 c:/program files (x86)/atmel/studio/7.0/toolchain/avr8/avr8-gnu-toolchain/bin/../lib/gcc/avr/5.4.0/avrxmega4\libgcc.a(_exit.o)
 .text          0x00000000        0x0 c:/program files (x86)/atmel/studio/7.0/toolchain/avr8/avr8-gnu-toolchain/bin/../lib/gcc/avr/5.4.0/avrxmega4\libgcc.a(_copy_data.o)
 .data          0x00000000        0x0 c:/program files (x86)/atmel/studio/7.0/toolchain/avr8/avr8-gnu-toolchain/bin/../lib/gcc/avr/5.4.0/avrxmega4\libgcc.a(_copy_data.o)
 .bss           0x00000000        0x0 c:/program files (x86)/atmel/studio/7.0/toolchain/avr8/avr8-gnu-toolchain/bin/../lib/gcc/avr/5.4.0/avrxmega4\libgcc.a(_copy_data.o)
 .text.libgcc.mul
                0x00000000        0x0 c:/program files (x86)/atmel/studio/7.0/toolchain/avr8/avr8-gnu-toolchain/bin/../lib/gcc/avr/5.4.0/avrxmega4\libgcc.a(_copy_data.o)
 .text.libgcc.div
                0x00000000        0x0 c:/program files (x86)/atmel/studio/7.0/toolchain/avr8/avr8-gnu-toolchain/bin/../lib/gcc/avr/5.4.0/avrxmega4\libgcc.a(_copy_data.o)
 .text.libgcc   0x00000000        0x0 c:/program files (x86)/atmel/studio/7.0/toolchain/avr8/avr8-gnu-toolchain/bin/../lib/gcc/avr/5.4.0/avrxmega4\libgcc.a(_copy_data.o)
 .text.libgcc.prologue
                0x00000000        0x0 c:/program files (x86)/atmel/studio/7.0/toolchain/avr8/avr8-gnu-toolchain/bin/../lib/gcc/avr/5.4.0/avrxmega4\libgcc.a(_copy_data.o)
 .text.libgcc.builtins
                0x00000000        0x0 c:/program files (x86)/atmel/studio/7.0/toolchain/avr8/avr8-gnu-toolchain/bin/../lib/gcc/avr/5.4.0/avrxmega4\libgcc.a(_copy_data.o)
 .text.libgcc.fmul
                0x00000000        0x0 c:/program files (x86)/atmel/studio/7.0/toolchain/avr8/avr8-gnu-toolchain/bin/../lib/gcc/avr/5.4.0/avrxmega4\libgcc.a(_copy_data.o)
 .text.libgcc.fixed
                0x00000000        0x0 c:/program files (x86)/atmel/studio/7.0/toolchain/avr8/avr8-gnu-toolchain/bin/../lib/gcc/avr/5.4.0/avrxmega4\libgcc.a(_copy_data.o)
 .text          0x00000000        0x0 c:/program files (x86)/atmel/studio/7.0/toolchain/avr8/avr8-gnu-toolchain/bin/../lib/gcc/avr/5.4.0/avrxmega4\libgcc.a(_clear_bss.o)
 .data          0x00000000        0x0 c:/program files (x86)/atmel/studio/7.0/toolchain/avr8/avr8-gnu-toolchain/bin/../lib/gcc/avr/5.4.0/avrxmega4\libgcc.a(_clear_bss.o)
 .bss           0x00000000        0x0 c:/program files (x86)/atmel/studio/7.0/toolchain/avr8/avr8-gnu-toolchain/bin/../lib/gcc/avr/5.4.0/avrxmega4\libgcc.a(_clear_bss.o)
 .text.libgcc.mul
                0x00000000        0x0 c:/program files (x86)/atmel/studio/7.0/toolchain/avr8/avr8-gnu-toolchain/bin/../lib/gcc/avr/5.4.0/avrxmega4\libgcc.a(_clear_bss.o)
 .text.libgcc.div
                0x00000000        0x0 c:/program files (x86)/atmel/studio/7.0/toolchain/avr8/avr8-gnu-toolchain/bin/../lib/gcc/avr/5.4.0/avrxmega4\libgcc.a(_clear_bss.o)
 .text.libgcc   0x00000000        0x0 c:/program files (x86)/atmel/studio/7.0/toolchain/avr8/avr8-gnu-toolchain/bin/../lib/gcc/avr/5.4.0/avrxmega4\libgcc.a(_clear_bss.o)
 .text.libgcc.prologue
                0x00000000        0x0 c:/program files (x86)/atmel/studio/7.0/toolchain/avr8/avr8-gnu-toolchain/bin/../lib/gcc/avr/5.4.0/avrxmega4\libgcc.a(_clear_bss.o)
 .text.libgcc.builtins
                0x00000000        0x0 c:/program files (x86)/atmel/studio/7.0/toolchain/avr8/avr8-gnu-toolchain/bin/../lib/gcc/avr/5.4.0/avrxmega4\libgcc.a(_clear_bss.o)
 .text.libgcc.fmul
                0x00000000        0x0 c:/program files (x86)/atmel/studio/7.0/toolchain/avr8/avr8-gnu-toolchain/bin/../lib/gcc/avr/5.4.0/avrxmega4\libgcc.a(_clear_bss.o)
 .text.libgcc.fixed
                0x00000000        0x0 c:/program files (x86)/atmel/studio/7.0/toolchain/avr8/avr8-gnu-toolchain/bin/../lib/gcc/avr/5.4.0/avrxmega4\libgcc.a(_clear_bss.o)
 .text          0x00000000        0x0 c:/program files (x86)/atmel/studio/7.0/toolchain/avr8/avr8-gnu-toolchain/bin/../lib/gcc/avr/5.4.0/avrxmega4\libgcc.a(_ashrdi3.o)
 .data          0x00000000        0x0 c:/program files (x86)/atmel/studio/7.0/toolchain/avr8/avr8-gnu-toolchain/bin/../lib/gcc/avr/5.4.0/avrxmega4\libgcc.a(_ashrdi3.o)
 .bss           0x00000000        0x0 c:/program files (x86)/atmel/studio/7.0/toolchain/avr8/avr8-gnu-toolchain/bin/../lib/gcc/avr/5.4.0/avrxmega4\libgcc.a(_ashrdi3.o)
 .text.libgcc.mul
                0x00000000        0x0 c:/program files (x86)/atmel/studio/7.0/toolchain/avr8/avr8-gnu-toolchain/bin/../lib/gcc/avr/5.4.0/avrxmega4\libgcc.a(_ashrdi3.o)
 .text.libgcc.div
                0x00000000        0x0 c:/program files (x86)/atmel/studio/7.0/toolchain/avr8/avr8-gnu-toolchain/bin/../lib/gcc/avr/5.4.0/avrxmega4\libgcc.a(_ashrdi3.o)
 .text.libgcc   0x00000000        0x0 c:/program files (x86)/atmel/studio/7.0/toolchain/avr8/avr8-gnu-toolchain/bin/../lib/gcc/avr/5.4.0/avrxmega4\libgcc.a(_ashrdi3.o)
 .text.libgcc.prologue
                0x00000000        0x0 c:/program files (x86)/atmel/studio/7.0/toolchain/avr8/avr8-gnu-toolchain/bin/../lib/gcc/avr/5.4.0/avrxmega4\libgcc.a(_ashrdi3.o)
 .text.libgcc.fmul
                0x00000000        0x0 c:/program files (x86)/atmel/studio/7.0/toolchain/avr8/avr8-gnu-toolchain/bin/../lib/gcc/avr/5.4.0/avrxmega4\libgcc.a(_ashrdi3.o)
 .text.libgcc.fixed
                0x00000000        0x0 c:/program files (x86)/atmel/studio/7.0/toolchain/avr8/avr8-gnu-toolchain/bin/../lib/gcc/avr/5.4.0/avrxmega4\libgcc.a(_ashrdi3.o)
 .text          0x00000000        0x0 c:/program files (x86)/atmel/studio/7.0/toolchain/avr8/avr8-gnu-toolchain/bin/../lib/gcc/avr/5.4.0/avrxmega4\libgcc.a(_cmpdi2_s8.o)
 .data          0x00000000        0x0 c:/program files (x86)/atmel/studio/7.0/toolchain/avr8/avr8-gnu-toolchain/bin/../lib/gcc/avr/5.4.0/avrxmega4\libgcc.a(_cmpdi2_s8.o)
 .bss           0x00000000        0x0 c:/program files (x86)/atmel/studio/7.0/toolchain/avr8/avr8-gnu-toolchain/bin/../lib/gcc/avr/5.4.0/avrxmega4\libgcc.a(_cmpdi2_s8.o)
 .text.libgcc.mul
                0x00000000        0x0 c:/program files (x86)/atmel/studio/7.0/toolchain/avr8/avr8-gnu-toolchain/bin/../lib/gcc/avr/5.4.0/avrxmega4\libgcc.a(_cmpdi2_s8.o)
 .text.libgcc.div
                0x00000000        0x0 c:/program files (x86)/atmel/studio/7.0/toolchain/avr8/avr8-gnu-toolchain/bin/../lib/gcc/avr/5.4.0/avrxmega4\libgcc.a(_cmpdi2_s8.o)
 .text.libgcc.prologue
                0x00000000        0x0 c:/program files (x86)/atmel/studio/7.0/toolchain/avr8/avr8-gnu-toolchain/bin/../lib/gcc/avr/5.4.0/avrxmega4\libgcc.a(_cmpdi2_s8.o)
 .text.libgcc.builtins
                0x00000000        0x0 c:/program files (x86)/atmel/studio/7.0/toolchain/avr8/avr8-gnu-toolchain/bin/../lib/gcc/avr/5.4.0/avrxmega4\libgcc.a(_cmpdi2_s8.o)
 .text.libgcc.fmul
                0x00000000        0x0 c:/program files (x86)/atmel/studio/7.0/toolchain/avr8/avr8-gnu-toolchain/bin/../lib/gcc/avr/5.4.0/avrxmega4\libgcc.a(_cmpdi2_s8.o)
 .text.libgcc.fixed
                0x00000000        0x0 c:/program files (x86)/atmel/studio/7.0/toolchain/avr8/avr8-gnu-toolchain/bin/../lib/gcc/avr/5.4.0/avrxmega4\libgcc.a(_cmpdi2_s8.o)

Memory Configuration

Name             Origin             Length             Attributes
text             0x00000000         0x00020000         xr
data             0x00802000         0x00004000         rw !x
eeprom           0x00810000         0x00000200         rw !x
fuse             0x00820000         0x00000010         rw !x
lock             0x00830000         0x00000400         rw !x
signature        0x00840000         0x00000400         rw !x
user_signatures  0x00850000         0x00000400         rw !x
*default*        0x00000000         0xffffffff

Linker script and memory map

Address of section .data set to 0x804000
                0x00008000                __RODATA_PM_OFFSET__ = 0x8000
LOAD C:/Program Files (x86)/Atmel/Studio/7.0/Packs/Atmel/AVR-Dx_DFP/1.8.95/gcc/dev/avr128da48/avrxmega4/crtavr128da48.o
LOAD atmel_start.o
LOAD driver_isr.o
LOAD examples/src/touch_example.o
LOAD main.o
LOAD qtouch/datastreamer/kronocommadaptor.o
LOAD qtouch/datastreamer/kronocommuart.o
LOAD qtouch/touch.o
LOAD src/bod.o
LOAD src/clkctrl.o
LOAD src/cpuint.o
LOAD src/driver_init.o
LOAD src/libraries/Adafruit_NeoPixel/esp.o
LOAD src/libraries/Adafruit_NeoPixel/esp8266.o
LOAD src/libraries/Adafruit_NeoPixel/kendyte_k210.o
LOAD src/protected_io.o
LOAD src/rtc.o
LOAD src/slpctrl.o
LOAD src/usart.o
START GROUP
LOAD ../qtouch/lib/gcc\libqtm_touch_key_avr128da_0x0002.a
LOAD ../qtouch/lib/gcc\libqtm_surface_cs_avr128da_0x0021.a
LOAD ../qtouch/lib/gcc\libqtm_acq_avr128da_0x0037.a
LOAD c:/program files (x86)/atmel/studio/7.0/toolchain/avr8/avr8-gnu-toolchain/bin/../lib/gcc/avr/5.4.0/../../../../avr/lib/avrxmega4\libm.a
END GROUP
START GROUP
LOAD c:/program files (x86)/atmel/studio/7.0/toolchain/avr8/avr8-gnu-toolchain/bin/../lib/gcc/avr/5.4.0/avrxmega4\libgcc.a
LOAD c:/program files (x86)/atmel/studio/7.0/toolchain/avr8/avr8-gnu-toolchain/bin/../lib/gcc/avr/5.4.0/../../../../avr/lib/avrxmega4\libm.a
LOAD c:/program files (x86)/atmel/studio/7.0/toolchain/avr8/avr8-gnu-toolchain/bin/../lib/gcc/avr/5.4.0/../../../../avr/lib/avrxmega4\libc.a
LOAD C:/Program Files (x86)/Atmel/Studio/7.0/Packs/Atmel/AVR-Dx_DFP/1.8.95/gcc/dev/avr128da48/avrxmega4\libavr128da48.a
END GROUP
                [0x00020000]                __TEXT_REGION_LENGTH__ = DEFINED (__TEXT_REGION_LENGTH__)?__TEXT_REGION_LENGTH__:0x100000
                [0x00004000]                __DATA_REGION_LENGTH__ = DEFINED (__DATA_REGION_LENGTH__)?__DATA_REGION_LENGTH__:0xffa0
                [0x00000200]                __EEPROM_REGION_LENGTH__ = DEFINED (__EEPROM_REGION_LENGTH__)?__EEPROM_REGION_LENGTH__:0x10000
                [0x00000010]                __FUSE_REGION_LENGTH__ = DEFINED (__FUSE_REGION_LENGTH__)?__FUSE_REGION_LENGTH__:0x400
                0x00000400                __LOCK_REGION_LENGTH__ = DEFINED (__LOCK_REGION_LENGTH__)?__LOCK_REGION_LENGTH__:0x400
                0x00000400                __SIGNATURE_REGION_LENGTH__ = DEFINED (__SIGNATURE_REGION_LENGTH__)?__SIGNATURE_REGION_LENGTH__:0x400
                0x00000400                __USER_SIGNATURE_REGION_LENGTH__ = DEFINED (__USER_SIGNATURE_REGION_LENGTH__)?__USER_SIGNATURE_REGION_LENGTH__:0x400

.hash
 *(.hash)

.dynsym
 *(.dynsym)

.dynstr
 *(.dynstr)

.gnu.version
 *(.gnu.version)

.gnu.version_d
 *(.gnu.version_d)

.gnu.version_r
 *(.gnu.version_r)

.rel.init
 *(.rel.init)

.rela.init
 *(.rela.init)

.rel.text
 *(.rel.text)
 *(.rel.text.*)
 *(.rel.gnu.linkonce.t*)

.rela.text
 *(.rela.text)
 *(.rela.text.*)
 *(.rela.gnu.linkonce.t*)

.rel.fini
 *(.rel.fini)

.rela.fini
 *(.rela.fini)

.rel.rodata
 *(.rel.rodata)
 *(.rel.rodata.*)
 *(.rel.gnu.linkonce.r*)

.rela.rodata
 *(.rela.rodata)
 *(.rela.rodata.*)
 *(.rela.gnu.linkonce.r*)

.rel.data
 *(.rel.data)
 *(.rel.data.*)
 *(.rel.gnu.linkonce.d*)

.rela.data
 *(.rela.data)
 *(.rela.data.*)
 *(.rela.gnu.linkonce.d*)

.rel.ctors
 *(.rel.ctors)

.rela.ctors
 *(.rela.ctors)

.rel.dtors
 *(.rel.dtors)

.rela.dtors
 *(.rela.dtors)

.rel.got
 *(.rel.got)

.rela.got
 *(.rela.got)

.rel.bss
 *(.rel.bss)

.rela.bss
 *(.rela.bss)

.rel.plt
 *(.rel.plt)

.rela.plt
 *(.rela.plt)

.text           0x00000000     0x2a7e
 *(.vectors)
 .vectors       0x00000000       0xe8 C:/Program Files (x86)/Atmel/Studio/7.0/Packs/Atmel/AVR-Dx_DFP/1.8.95/gcc/dev/avr128da48/avrxmega4/crtavr128da48.o
                0x00000000                __vector_default
                0x00000000                __vectors
 *(.vectors)
 *(.progmem.gcc*)
                0x000000e8                . = ALIGN (0x2)
                0x000000e8                __trampolines_start = .
 *(.trampolines)
 .trampolines   0x000000e8        0x0 linker stubs
 *(.trampolines*)
                0x000000e8                __trampolines_end = .
 *libprintf_flt.a:*(.progmem.data)
 *libc.a:*(.progmem.data)
 *(.progmem*)
                0x000000e8                . = ALIGN (0x2)
 *(.jumptables)
 *(.jumptables*)
 *(.lowtext)
 *(.lowtext*)
                0x000000e8                __ctors_start = .
 *(.ctors)
                0x000000e8                __ctors_end = .
                0x000000e8                __dtors_start = .
 *(.dtors)
                0x000000e8                __dtors_end = .
 SORT(*)(.ctors)
 SORT(*)(.dtors)
 *(.init0)
 .init0         0x000000e8        0x0 C:/Program Files (x86)/Atmel/Studio/7.0/Packs/Atmel/AVR-Dx_DFP/1.8.95/gcc/dev/avr128da48/avrxmega4/crtavr128da48.o
                0x000000e8                __init
 *(.init0)
 *(.init1)
 *(.init1)
 *(.init2)
 .init2         0x000000e8        0xc C:/Program Files (x86)/Atmel/Studio/7.0/Packs/Atmel/AVR-Dx_DFP/1.8.95/gcc/dev/avr128da48/avrxmega4/crtavr128da48.o
 *(.init2)
 *(.init3)
 *(.init3)
 *(.init4)
 .init4         0x000000f4       0x1a c:/program files (x86)/atmel/studio/7.0/toolchain/avr8/avr8-gnu-toolchain/bin/../lib/gcc/avr/5.4.0/avrxmega4\libgcc.a(_copy_data.o)
                0x000000f4                __do_copy_data
 .init4         0x0000010e       0x10 c:/program files (x86)/atmel/studio/7.0/toolchain/avr8/avr8-gnu-toolchain/bin/../lib/gcc/avr/5.4.0/avrxmega4\libgcc.a(_clear_bss.o)
                0x0000010e                __do_clear_bss
 *(.init4)
 *(.init5)
 *(.init5)
 *(.init6)
 *(.init6)
 *(.init7)
 *(.init7)
 *(.init8)
 *(.init8)
 *(.init9)
 .init9         0x0000011e        0x8 C:/Program Files (x86)/Atmel/Studio/7.0/Packs/Atmel/AVR-Dx_DFP/1.8.95/gcc/dev/avr128da48/avrxmega4/crtavr128da48.o
 *(.init9)
 *(.text)
 .text          0x00000126        0x4 C:/Program Files (x86)/Atmel/Studio/7.0/Packs/Atmel/AVR-Dx_DFP/1.8.95/gcc/dev/avr128da48/avrxmega4/crtavr128da48.o
                0x00000126                __vector_38
                0x00000126                __vector_22
                0x00000126                __vector_28
                0x00000126                __vector_1
                0x00000126                __vector_32
                0x00000126                __vector_34
                0x00000126                __vector_24
                0x00000126                __vector_12
                0x00000126                __vector_55
                0x00000126                __vector_46
                0x00000126                __bad_interrupt
                0x00000126                __vector_6
                0x00000126                __vector_35
                0x00000126                __vector_39
                0x00000126                __vector_23
                0x00000126                __vector_30
                0x00000126                __vector_45
                0x00000126                __vector_25
                0x00000126                __vector_11
                0x00000126                __vector_54
                0x00000126                __vector_13
                0x00000126                __vector_17
                0x00000126                __vector_19
                0x00000126                __vector_56
                0x00000126                __vector_7
                0x00000126                __vector_49
                0x00000126                __vector_41
                0x00000126                __vector_43
                0x00000126                __vector_5
                0x00000126                __vector_47
                0x00000126                __vector_52
                0x00000126                __vector_37
                0x00000126                __vector_4
                0x00000126                __vector_44
                0x00000126                __vector_51
                0x00000126                __vector_9
                0x00000126                __vector_2
                0x00000126                __vector_21
                0x00000126                __vector_15
                0x00000126                __vector_36
                0x00000126                __vector_29
                0x00000126                __vector_40
                0x00000126                __vector_8
                0x00000126                __vector_26
                0x00000126                __vector_48
                0x00000126                __vector_14
                0x00000126                __vector_57
                0x00000126                __vector_53
                0x00000126                __vector_10
                0x00000126                __vector_50
                0x00000126                __vector_16
                0x00000126                __vector_18
                0x00000126                __vector_20
                0x00000126                __vector_42
                0x0000012a                . = ALIGN (0x2)
 *(.text.*)
 .text.atmel_start_init
                0x0000012a        0xa atmel_start.o
                0x0000012a                atmel_start_init
 .text.__vector_31
                0x00000134       0x50 driver_isr.o
                0x00000134                __vector_31
 .text.__vector_33
                0x00000184       0x50 driver_isr.o
                0x00000184                __vector_33
 .text.__vector_3
                0x000001d4       0x56 driver_isr.o
                0x000001d4                __vector_3
 .text.touch_status_display
                0x0000022a       0x56 examples/src/touch_example.o
                0x0000022a                touch_status_display
 .text.touch_example
                0x00000280       0x16 examples/src/touch_example.o
                0x00000280                touch_example
 .text.shiftOut
                0x00000296       0x96 main.o
                0x00000296                shiftOut
 .text.main     0x0000032c       0x54 main.o
                0x0000032c                main
 .text.Krono_UpdateBuffer
                0x00000380      0x250 qtouch/datastreamer/kronocommadaptor.o
                0x00000380                Krono_UpdateBuffer
 .text.Krono_memory_map_read
                0x000005d0       0x96 qtouch/datastreamer/kronocommadaptor.o
                0x000005d0                Krono_memory_map_read
 .text.Krono_memory_map_write
                0x00000666       0x2c qtouch/datastreamer/kronocommadaptor.o
                0x00000666                Krono_memory_map_write
 .text.uart_get_char
                0x00000692       0x20 qtouch/datastreamer/kronocommuart.o
                0x00000692                uart_get_char
 .text.uart_send_data_wait
                0x000006b2       0x14 qtouch/datastreamer/kronocommuart.o
                0x000006b2                uart_send_data_wait
 .text.uart_send_data
                0x000006c6       0x1c qtouch/datastreamer/kronocommuart.o
                0x000006c6                uart_send_data
 .text.uart_init_debug_data
                0x000006e2       0x40 qtouch/datastreamer/kronocommuart.o
                0x000006e2                uart_init_debug_data
 .text.uart_send_touch_gesture_data
                0x00000722       0x96 qtouch/datastreamer/kronocommuart.o
                0x00000722                uart_send_touch_gesture_data
 .text.uart_min_num_bytes_received
                0x000007b8       0x16 qtouch/datastreamer/kronocommuart.o
                0x000007b8                uart_min_num_bytes_received
 .text.uart_send_header
                0x000007ce       0x46 qtouch/datastreamer/kronocommuart.o
                0x000007ce                uart_send_header
 .text.uart_process
                0x00000814      0x170 qtouch/datastreamer/kronocommuart.o
                0x00000814                uart_process
 .text.krono_tx_complete_callback
                0x00000984       0x3c qtouch/datastreamer/kronocommuart.o
                0x00000984                krono_tx_complete_callback
 .text.krono_rx_complete_callback
                0x000009c0       0x24 qtouch/datastreamer/kronocommuart.o
                0x000009c0                krono_rx_complete_callback
 .text.qtm_measure_complete_callback
                0x000009e4        0x8 qtouch/touch.o
 .text.Timer_set_period
                0x000009ec       0x16 qtouch/touch.o
                0x000009ec                Timer_set_period
 .text.touch_init
                0x00000a02       0xd8 qtouch/touch.o
                0x00000a02                touch_init
 .text.touch_process
                0x00000ada       0x86 qtouch/touch.o
                0x00000ada                touch_process
 .text.touch_timer_handler
                0x00000b60       0x24 qtouch/touch.o
                0x00000b60                touch_timer_handler
 .text.get_sensor_state
                0x00000b84       0x1e qtouch/touch.o
                0x00000b84                get_sensor_state
 .text.__vector_27
                0x00000ba2       0x50 qtouch/touch.o
                0x00000ba2                __vector_27
 .text.BOD_init
                0x00000bf2        0x8 src/bod.o
                0x00000bf2                BOD_init
 .text.CLKCTRL_init
                0x00000bfa       0x10 src/clkctrl.o
                0x00000bfa                CLKCTRL_init
 .text.CPUINT_init
                0x00000c0a        0x6 src/cpuint.o
                0x00000c0a                CPUINT_init
 .text.mcu_init
                0x00000c10       0x6e src/driver_init.o
                0x00000c10                mcu_init
 .text.USART_initialization
                0x00000c7e       0x16 src/driver_init.o
                0x00000c7e                USART_initialization
 .text.system_init
                0x00000c94       0x1e src/driver_init.o
                0x00000c94                system_init
 .text.protected_write_io
                0x00000cb2        0xa src/protected_io.o
                0x00000cb2                protected_write_io
 .text.Timer_init
                0x00000cbc       0x1c src/rtc.o
                0x00000cbc                Timer_init
 .text.SLPCTRL_init
                0x00000cd8        0x4 src/slpctrl.o
                0x00000cd8                SLPCTRL_init
 .text.USART_init
                0x00000cdc       0x16 src/usart.o
                0x00000cdc                USART_init
 .text.check_for_aks_block
                0x00000cf2       0xd2 ../qtouch/lib/gcc\libqtm_touch_key_avr128da_0x0002.a(avr_touch_key_g_avr128da.o)
 .text.qtm_update_qtlib_timer
                0x00000dc4       0x16 ../qtouch/lib/gcc\libqtm_touch_key_avr128da_0x0002.a(avr_touch_key_g_avr128da.o)
                0x00000dc4                qtm_update_qtlib_timer
 .text.qtm_init_sensor_key
                0x00000dda       0x3e ../qtouch/lib/gcc\libqtm_touch_key_avr128da_0x0002.a(avr_touch_key_g_avr128da.o)
                0x00000dda                qtm_init_sensor_key
 .text.qtm_key_sensors_process
                0x00000e18      0x74e ../qtouch/lib/gcc\libqtm_touch_key_avr128da_0x0002.a(avr_touch_key_g_avr128da.o)
                0x00000e18                qtm_key_sensors_process
 .text.divide   0x00001566       0x50 ../qtouch/lib/gcc\libqtm_surface_cs_avr128da_0x0021.a(avr_surface_cs_g_avr128da.o)
 .text.median_filter_update
                0x000015b6       0x64 ../qtouch/lib/gcc\libqtm_surface_cs_avr128da_0x0021.a(avr_surface_cs_g_avr128da.o)
 .text.get_key_delta
                0x0000161a       0x26 ../qtouch/lib/gcc\libqtm_surface_cs_avr128da_0x0021.a(avr_surface_cs_g_avr128da.o)
 .text.get_axis_contact_size
                0x00001640       0x9c ../qtouch/lib/gcc\libqtm_surface_cs_avr128da_0x0021.a(avr_surface_cs_g_avr128da.o)
 .text.get_interpolated_position.isra.0
                0x000016dc      0x18c ../qtouch/lib/gcc\libqtm_surface_cs_avr128da_0x0021.a(avr_surface_cs_g_avr128da.o)
 .text.qtm_surface_cs_process
                0x00001868      0x512 ../qtouch/lib/gcc\libqtm_surface_cs_avr128da_0x0021.a(avr_surface_cs_g_avr128da.o)
                0x00001868                qtm_surface_cs_process
 .text.qtm_init_surface_cs
                0x00001d7a       0x2c ../qtouch/lib/gcc\libqtm_surface_cs_avr128da_0x0021.a(avr_surface_cs_g_avr128da.o)
                0x00001d7a                qtm_init_surface_cs
 .text.charge_share_test
                0x00001da6       0x90 ../qtouch/lib/gcc\libqtm_acq_avr128da_0x0037.a(avr_acq_g_avr128da.o)
 .text.select_next_channel_to_measure
                0x00001e36       0x66 ../qtouch/lib/gcc\libqtm_acq_avr128da_0x0037.a(avr_acq_g_avr128da.o)
 .text.qtm_measure_node
                0x00001e9c      0x22a ../qtouch/lib/gcc\libqtm_acq_avr128da_0x0037.a(avr_acq_g_avr128da.o)
 .text.qtm_acquisition_process
                0x000020c6      0x504 ../qtouch/lib/gcc\libqtm_acq_avr128da_0x0037.a(avr_acq_g_avr128da.o)
                0x000020c6                qtm_acquisition_process
 .text.qtm_ptc_init_acquisition_module
                0x000025ca      0x16e ../qtouch/lib/gcc\libqtm_acq_avr128da_0x0037.a(avr_acq_g_avr128da.o)
                0x000025ca                qtm_ptc_init_acquisition_module
 .text.qtm_ptc_qtlib_assign_signal_memory
                0x00002738       0x14 ../qtouch/lib/gcc\libqtm_acq_avr128da_0x0037.a(avr_acq_g_avr128da.o)
                0x00002738                qtm_ptc_qtlib_assign_signal_memory
 .text.qtm_ptc_start_measurement_seq
                0x0000274c       0xe0 ../qtouch/lib/gcc\libqtm_acq_avr128da_0x0037.a(avr_acq_g_avr128da.o)
                0x0000274c                qtm_ptc_start_measurement_seq
 .text.qtm_enable_sensor_node
                0x0000282c       0x3e ../qtouch/lib/gcc\libqtm_acq_avr128da_0x0037.a(avr_acq_g_avr128da.o)
                0x0000282c                qtm_enable_sensor_node
 .text.qtm_calibrate_sensor_node
                0x0000286a       0x82 ../qtouch/lib/gcc\libqtm_acq_avr128da_0x0037.a(avr_acq_g_avr128da.o)
                0x0000286a                qtm_calibrate_sensor_node
 .text.qtm_avr_da_ptc_handler_wcomp
                0x000028ec       0x8c ../qtouch/lib/gcc\libqtm_acq_avr128da_0x0037.a(avr_acq_g_avr128da.o)
                0x000028ec                qtm_avr_da_ptc_handler_wcomp
 .text.qtm_avr_da_ptc_handler_eoc
                0x00002978       0xae ../qtouch/lib/gcc\libqtm_acq_avr128da_0x0037.a(avr_acq_g_avr128da.o)
                0x00002978                qtm_avr_da_ptc_handler_eoc
 .text.libgcc.builtins
                0x00002a26       0x3c c:/program files (x86)/atmel/studio/7.0/toolchain/avr8/avr8-gnu-toolchain/bin/../lib/gcc/avr/5.4.0/avrxmega4\libgcc.a(_ashrdi3.o)
                0x00002a26                __ashrdi3
                0x00002a2a                __lshrdi3
 .text.libgcc   0x00002a62       0x18 c:/program files (x86)/atmel/studio/7.0/toolchain/avr8/avr8-gnu-toolchain/bin/../lib/gcc/avr/5.4.0/avrxmega4\libgcc.a(_cmpdi2_s8.o)
                0x00002a62                __cmpdi2_s8
                0x00002a7a                . = ALIGN (0x2)
 *(.fini9)
 .fini9         0x00002a7a        0x0 c:/program files (x86)/atmel/studio/7.0/toolchain/avr8/avr8-gnu-toolchain/bin/../lib/gcc/avr/5.4.0/avrxmega4\libgcc.a(_exit.o)
                0x00002a7a                _exit
                0x00002a7a                exit
 *(.fini9)
 *(.fini8)
 *(.fini8)
 *(.fini7)
 *(.fini7)
 *(.fini6)
 *(.fini6)
 *(.fini5)
 *(.fini5)
 *(.fini4)
 *(.fini4)
 *(.fini3)
 *(.fini3)
 *(.fini2)
 *(.fini2)
 *(.fini1)
 *(.fini1)
 *(.fini0)
 .fini0         0x00002a7a        0x4 c:/program files (x86)/atmel/studio/7.0/toolchain/avr8/avr8-gnu-toolchain/bin/../lib/gcc/avr/5.4.0/avrxmega4\libgcc.a(_exit.o)
 *(.fini0)
                0x00002a7e                _etext = .

.data           0x00804000      0x118 load address 0x00002a7e
                0x00804000                PROVIDE (__data_start, .)
 *(.data)
 *(.data*)
 .data.coreRam  0x00804000        0x8 qtouch/datastreamer/kronocommadaptor.o
 .data.cfgRam   0x00804008        0xa qtouch/datastreamer/kronocommadaptor.o
 .data.uart_send_ges_data_flag
                0x00804012        0x1 qtouch/datastreamer/kronocommuart.o
                0x00804012                uart_send_ges_data_flag
 .data.qtm_surface_cs_control1
                0x00804013        0x4 qtouch/touch.o
                0x00804013                qtm_surface_cs_control1
 .data.qtm_surface_cs_config1
                0x00804017        0xd qtouch/touch.o
                0x00804017                qtm_surface_cs_config1
 .data.qtlib_key_set1
                0x00804024        0x8 qtouch/touch.o
                0x00804024                qtlib_key_set1
 .data.qtlib_key_configs_set1
                0x0080402c       0x12 qtouch/touch.o
                0x0080402c                qtlib_key_configs_set1
 .data.qtlib_key_grp_config_set1
                0x0080403e        0xa qtouch/touch.o
                0x0080403e                qtlib_key_grp_config_set1
 .data.qtlib_acq_set1
                0x00804048        0x6 qtouch/touch.o
                0x00804048                qtlib_acq_set1
 .data.ptc_seq_node_cfg1
                0x0080404e       0x78 qtouch/touch.o
                0x0080404e                ptc_seq_node_cfg1
 .data.ptc_qtlib_acq_gen1
                0x008040c6        0x5 qtouch/touch.o
                0x008040c6                ptc_qtlib_acq_gen1
 .data.qtm_which_mode_current
                0x008040cb        0x1 ../qtouch/lib/gcc\libqtm_acq_avr128da_0x0037.a(avr_acq_g_avr128da.o)
                0x008040cb                qtm_which_mode_current
 *(.gnu.linkonce.d*)
 *(.rodata)
 *(.rodata*)
 .rodata.multipliers_tau_calc
                0x008040cc        0x8 ../qtouch/lib/gcc\libqtm_acq_avr128da_0x0037.a(avr_acq_g_avr128da.o)
 .rodata.gain_setting_int_cap
                0x008040d4        0x5 ../qtouch/lib/gcc\libqtm_acq_avr128da_0x0037.a(avr_acq_g_avr128da.o)
 .rodata.port_array
                0x008040d9        0xe ../qtouch/lib/gcc\libqtm_acq_avr128da_0x0037.a(avr_acq_g_avr128da.o)
 .rodata.PTC_XY_PINS
                0x008040e7       0x30 ../qtouch/lib/gcc\libqtm_acq_avr128da_0x0037.a(avr_acq_g_avr128da.o)
 *(.gnu.linkonce.r*)
                0x00804118                . = ALIGN (0x2)
 *fill*         0x00804117        0x1 
                0x00804118                _edata = .
                0x00804118                PROVIDE (__data_end, .)

.bss            0x00804118      0x159
                0x00804118                PROVIDE (__bss_start, .)
 *(.bss)
 *(.bss*)
 .bss.key_status
                0x00804118        0x1 examples/src/touch_example.o
                0x00804118                key_status
 .bss.previousSurfaceStatus.5072
                0x00804119        0x1 qtouch/datastreamer/kronocommadaptor.o
 .bss.frameCount.5071
                0x0080411a        0x1 qtouch/datastreamer/kronocommadaptor.o
 .bss.initialized.5070
                0x0080411b        0x1 qtouch/datastreamer/kronocommadaptor.o
 .bss.touchRef  0x0080411c        0xc qtouch/datastreamer/kronocommadaptor.o
 .bss.touchRaw  0x00804128        0xc qtouch/datastreamer/kronocommadaptor.o
 .bss.touchDelta
                0x00804134        0x6 qtouch/datastreamer/kronocommadaptor.o
 .bss.touchRam  0x0080413a        0x6 qtouch/datastreamer/kronocommadaptor.o
 .bss.writeback_req
                0x00804140        0x1 qtouch/datastreamer/kronocommadaptor.o
 .bss.uart_tx_len
                0x00804141        0x1 qtouch/datastreamer/kronocommuart.o
                0x00804141                uart_tx_len
 .bss.uart_new_data_available
                0x00804142        0x1 qtouch/datastreamer/kronocommuart.o
                0x00804142                uart_new_data_available
 .bss.module_error_code
                0x00804143        0x1 qtouch/touch.o
                0x00804143                module_error_code
 .bss.measurement_done_touch
                0x00804144        0x1 qtouch/touch.o
                0x00804144                measurement_done_touch
 .bss.touch_postprocess_request
                0x00804145        0x1 qtouch/touch.o
                0x00804145                touch_postprocess_request
 .bss.time_to_measure_touch_flag
                0x00804146        0x1 qtouch/touch.o
                0x00804146                time_to_measure_touch_flag
 .bss.qtm_local_ms_timecount
                0x00804147        0x2 ../qtouch/lib/gcc\libqtm_touch_key_avr128da_0x0002.a(avr_touch_key_g_avr128da.o)
                0x00804147                qtm_local_ms_timecount
 .bss.new_contact_detected
                0x00804149        0x1 ../qtouch/lib/gcc\libqtm_surface_cs_avr128da_0x0021.a(avr_surface_cs_g_avr128da.o)
 .bss.median_filter_data_buffer
                0x0080414a        0xc ../qtouch/lib/gcc\libqtm_surface_cs_avr128da_0x0021.a(avr_surface_cs_g_avr128da.o)
                0x0080414a                median_filter_data_buffer
 .bss.ptc_wcomp_happened_pointer
                0x00804156        0x2 ../qtouch/lib/gcc\libqtm_acq_avr128da_0x0037.a(avr_acq_g_avr128da.o)
 .bss.ptc_seq_measure_complete_pointer
                0x00804158        0x2 ../qtouch/lib/gcc\libqtm_acq_avr128da_0x0037.a(avr_acq_g_avr128da.o)
 .bss.touch_seq_lib_state
                0x0080415a        0x1 ../qtouch/lib/gcc\libqtm_acq_avr128da_0x0037.a(avr_acq_g_avr128da.o)
 .bss.current_measure_channel
                0x0080415b        0x2 ../qtouch/lib/gcc\libqtm_acq_avr128da_0x0037.a(avr_acq_g_avr128da.o)
 *(COMMON)
 COMMON         0x0080415d       0xb0 qtouch/datastreamer/kronocommuart.o
                0x0080415d                read_buf_write_ptr
                0x0080415e                write_buf_read_ptr
                0x0080415f                uart_command_info
                0x00804165                write_buf_write_ptr
                0x00804166                read_buffer
                0x0080417a                read_buf_read_ptr
                0x0080417b                write_buffer
                0x008041df                uart_tx_in_progress
                0x008041e0                uart_runtime_data
 COMMON         0x0080420d       0x60 qtouch/touch.o
                0x0080420d                qtm_surface_cs_data1
                0x00804218                qtlib_key_grp_data_set1
                0x0080421e                interrupt_cnt
                0x0080421f                ptc_qtlib_node_stat1
                0x0080423d                touch_acq_signals_raw
                0x00804249                qtlib_key_data_set1
 COMMON         0x0080426d        0x4 ../qtouch/lib/gcc\libqtm_acq_avr128da_0x0037.a(avr_acq_g_avr128da.o)
                0x0080426d                qtm_acquisition_control_working_set_ptr
                0x0080426f                qtm_raw_data_measurements_ptr
                0x00804271                PROVIDE (__bss_end, .)
                0x00002a7e                __data_load_start = LOADADDR (.data)
                0x00002b96                __data_load_end = (__data_load_start + SIZEOF (.data))

.noinit         0x00804271        0x0
                [!provide]                PROVIDE (__noinit_start, .)
 *(.noinit*)
                [!provide]                PROVIDE (__noinit_end, .)
                0x00804271                _end = .
                [!provide]                PROVIDE (__heap_start, .)

.eeprom         0x00810000        0x0
 *(.eeprom*)
                0x00810000                __eeprom_end = .

.fuse
 *(.fuse)
 *(.lfuse)
 *(.hfuse)
 *(.efuse)

.lock
 *(.lock*)

.signature
 *(.signature*)

.user_signatures
 *(.user_signatures*)

.stab
 *(.stab)

.stabstr
 *(.stabstr)

.stab.excl
 *(.stab.excl)

.stab.exclstr
 *(.stab.exclstr)

.stab.index
 *(.stab.index)

.stab.indexstr
 *(.stab.indexstr)

.comment        0x00000000       0x30
 *(.comment)
 .comment       0x00000000       0x30 atmel_start.o
                                 0x31 (size before relaxing)
 .comment       0x00000030       0x31 driver_isr.o
 .comment       0x00000030       0x31 examples/src/touch_example.o
 .comment       0x00000030       0x31 main.o
 .comment       0x00000030       0x31 qtouch/datastreamer/kronocommadaptor.o
 .comment       0x00000030       0x31 qtouch/datastreamer/kronocommuart.o
 .comment       0x00000030       0x31 qtouch/touch.o
 .comment       0x00000030       0x31 src/bod.o
 .comment       0x00000030       0x31 src/clkctrl.o
 .comment       0x00000030       0x31 src/cpuint.o
 .comment       0x00000030       0x31 src/driver_init.o
 .comment       0x00000030       0x31 src/rtc.o
 .comment       0x00000030       0x31 src/slpctrl.o
 .comment       0x00000030       0x31 src/usart.o
 .comment       0x00000030       0x31 ../qtouch/lib/gcc\libqtm_touch_key_avr128da_0x0002.a(avr_touch_key_g_avr128da.o)
 .comment       0x00000030       0x31 ../qtouch/lib/gcc\libqtm_surface_cs_avr128da_0x0021.a(avr_surface_cs_g_avr128da.o)
 .comment       0x00000030       0x31 ../qtouch/lib/gcc\libqtm_acq_avr128da_0x0037.a(avr_acq_g_avr128da.o)

.note.gnu.avr.deviceinfo
                0x00000000       0x40
 .note.gnu.avr.deviceinfo
                0x00000000       0x40 C:/Program Files (x86)/Atmel/Studio/7.0/Packs/Atmel/AVR-Dx_DFP/1.8.95/gcc/dev/avr128da48/avrxmega4/crtavr128da48.o

.note.gnu.build-id
 *(.note.gnu.build-id)

.debug
 *(.debug)

.line
 *(.line)

.debug_srcinfo
 *(.debug_srcinfo)

.debug_sfnames
 *(.debug_sfnames)

.debug_aranges  0x00000000      0x310
 *(.debug_aranges)
 .debug_aranges
                0x00000000       0x20 atmel_start.o
 .debug_aranges
                0x00000020       0x30 driver_isr.o
 .debug_aranges
                0x00000050       0x28 examples/src/touch_example.o
 .debug_aranges
                0x00000078       0x28 main.o
 .debug_aranges
                0x000000a0       0x50 qtouch/datastreamer/kronocommadaptor.o
 .debug_aranges
                0x000000f0       0x68 qtouch/datastreamer/kronocommuart.o
 .debug_aranges
                0x00000158       0xa0 qtouch/touch.o
 .debug_aranges
                0x000001f8       0x20 src/bod.o
 .debug_aranges
                0x00000218       0x20 src/clkctrl.o
 .debug_aranges
                0x00000238       0x20 src/cpuint.o
 .debug_aranges
                0x00000258       0x30 src/driver_init.o
 .debug_aranges
                0x00000288       0x20 src/protected_io.o
 .debug_aranges
                0x000002a8       0x20 src/rtc.o
 .debug_aranges
                0x000002c8       0x28 src/slpctrl.o
 .debug_aranges
                0x000002f0       0x20 src/usart.o

.debug_pubnames
 *(.debug_pubnames)

.debug_info     0x00000000     0x716d
 *(.debug_info .gnu.linkonce.wi.*)
 .debug_info    0x00000000     0x2c24 C:/Program Files (x86)/Atmel/Studio/7.0/Packs/Atmel/AVR-Dx_DFP/1.8.95/gcc/dev/avr128da48/avrxmega4/crtavr128da48.o
 .debug_info    0x00002c24       0xb0 atmel_start.o
 .debug_info    0x00002cd4      0x395 driver_isr.o
 .debug_info    0x00003069      0x186 examples/src/touch_example.o
 .debug_info    0x000031ef      0x4a6 main.o
 .debug_info    0x00003695      0x74e qtouch/datastreamer/kronocommadaptor.o
 .debug_info    0x00003de3      0x880 qtouch/datastreamer/kronocommuart.o
 .debug_info    0x00004663     0x1826 qtouch/touch.o
 .debug_info    0x00005e89      0x188 src/bod.o
 .debug_info    0x00006011      0x2ce src/clkctrl.o
 .debug_info    0x000062df       0x8d src/cpuint.o
 .debug_info    0x0000636c      0x67a src/driver_init.o
 .debug_info    0x000069e6       0x71 src/protected_io.o
 .debug_info    0x00006a57      0x389 src/rtc.o
 .debug_info    0x00006de0      0x136 src/slpctrl.o
 .debug_info    0x00006f16      0x257 src/usart.o

.debug_abbrev   0x00000000     0x3b29
 *(.debug_abbrev)
 .debug_abbrev  0x00000000     0x29ce C:/Program Files (x86)/Atmel/Studio/7.0/Packs/Atmel/AVR-Dx_DFP/1.8.95/gcc/dev/avr128da48/avrxmega4/crtavr128da48.o
 .debug_abbrev  0x000029ce       0x63 atmel_start.o
 .debug_abbrev  0x00002a31      0x103 driver_isr.o
 .debug_abbrev  0x00002b34       0xbd examples/src/touch_example.o
 .debug_abbrev  0x00002bf1      0x1c4 main.o
 .debug_abbrev  0x00002db5      0x1b4 qtouch/datastreamer/kronocommadaptor.o
 .debug_abbrev  0x00002f69      0x235 qtouch/datastreamer/kronocommuart.o
 .debug_abbrev  0x0000319e      0x347 qtouch/touch.o
 .debug_abbrev  0x000034e5       0xaf src/bod.o
 .debug_abbrev  0x00003594      0x117 src/clkctrl.o
 .debug_abbrev  0x000036ab       0x51 src/cpuint.o
 .debug_abbrev  0x000036fc      0x189 src/driver_init.o
 .debug_abbrev  0x00003885       0x14 src/protected_io.o
 .debug_abbrev  0x00003899       0xe6 src/rtc.o
 .debug_abbrev  0x0000397f       0xc4 src/slpctrl.o
 .debug_abbrev  0x00003a43       0xe6 src/usart.o

.debug_line     0x00000000     0x1ea1
 *(.debug_line .debug_line.* .debug_line_end)
 .debug_line    0x00000000      0x1f3 C:/Program Files (x86)/Atmel/Studio/7.0/Packs/Atmel/AVR-Dx_DFP/1.8.95/gcc/dev/avr128da48/avrxmega4/crtavr128da48.o
 .debug_line    0x000001f3       0x8b atmel_start.o
 .debug_line    0x0000027e      0x14f driver_isr.o
 .debug_line    0x000003cd      0x121 examples/src/touch_example.o
 .debug_line    0x000004ee      0x280 main.o
 .debug_line    0x0000076e      0x419 qtouch/datastreamer/kronocommadaptor.o
 .debug_line    0x00000b87      0x516 qtouch/datastreamer/kronocommuart.o
 .debug_line    0x0000109d      0x4d9 qtouch/touch.o
 .debug_line    0x00001576      0x10c src/bod.o
 .debug_line    0x00001682      0x13a src/clkctrl.o
 .debug_line    0x000017bc       0xab src/cpuint.o
 .debug_line    0x00001867      0x27b src/driver_init.o
 .debug_line    0x00001ae2       0x5b src/protected_io.o
 .debug_line    0x00001b3d      0x12a src/rtc.o
 .debug_line    0x00001c67      0x120 src/slpctrl.o
 .debug_line    0x00001d87      0x11a src/usart.o

.debug_frame    0x00000000      0x614
 *(.debug_frame)
 .debug_frame   0x00000000       0x24 atmel_start.o
 .debug_frame   0x00000024      0x11c driver_isr.o
 .debug_frame   0x00000140       0x34 examples/src/touch_example.o
 .debug_frame   0x00000174       0x54 main.o
 .debug_frame   0x000001c8       0x98 qtouch/datastreamer/kronocommadaptor.o
 .debug_frame   0x00000260       0xfc qtouch/datastreamer/kronocommuart.o
 .debug_frame   0x0000035c      0x18c qtouch/touch.o
 .debug_frame   0x000004e8       0x24 src/bod.o
 .debug_frame   0x0000050c       0x24 src/clkctrl.o
 .debug_frame   0x00000530       0x24 src/cpuint.o
 .debug_frame   0x00000554       0x44 src/driver_init.o
 .debug_frame   0x00000598       0x24 src/rtc.o
 .debug_frame   0x000005bc       0x34 src/slpctrl.o
 .debug_frame   0x000005f0       0x24 src/usart.o

.debug_str      0x00000000     0x34f5
 *(.debug_str)
 .debug_str     0x00000000     0x1320 C:/Program Files (x86)/Atmel/Studio/7.0/Packs/Atmel/AVR-Dx_DFP/1.8.95/gcc/dev/avr128da48/avrxmega4/crtavr128da48.o
 .debug_str     0x00001320      0x15c atmel_start.o
                                0x190 (size before relaxing)
 .debug_str     0x0000147c      0x140 driver_isr.o
                                0x2bb (size before relaxing)
 .debug_str     0x000015bc       0x84 examples/src/touch_example.o
                                0x1e1 (size before relaxing)
 .debug_str     0x00001640      0x124 main.o
                                0x2ef (size before relaxing)
 .debug_str     0x00001764      0x775 qtouch/datastreamer/kronocommadaptor.o
                                0x8f3 (size before relaxing)
 .debug_str     0x00001ed9      0x277 qtouch/datastreamer/kronocommuart.o
                                0x60d (size before relaxing)
 .debug_str     0x00002150      0xcbf qtouch/touch.o
                               0x1511 (size before relaxing)
 .debug_str     0x00002e0f       0x7e src/bod.o
                                0x228 (size before relaxing)
 .debug_str     0x00002e8d      0x1c0 src/clkctrl.o
                                0x368 (size before relaxing)
 .debug_str     0x0000304d       0x1c src/cpuint.o
                                0x178 (size before relaxing)
 .debug_str     0x00003069      0x116 src/driver_init.o
                                0x3cd (size before relaxing)
 .debug_str     0x0000317f      0x201 src/rtc.o
                                0x44f (size before relaxing)
 .debug_str     0x00003380       0xb9 src/slpctrl.o
                                0x23c (size before relaxing)
 .debug_str     0x00003439       0xbc src/usart.o
                                0x2de (size before relaxing)

.debug_loc      0x00000000     0x1455
 *(.debug_loc)
 .debug_loc     0x00000000      0x261 driver_isr.o
 .debug_loc     0x00000261      0x232 main.o
 .debug_loc     0x00000493      0x423 qtouch/datastreamer/kronocommadaptor.o
 .debug_loc     0x000008b6      0x39e qtouch/datastreamer/kronocommuart.o
 .debug_loc     0x00000c54      0x69c qtouch/touch.o
 .debug_loc     0x000012f0       0x2a src/clkctrl.o
 .debug_loc     0x0000131a      0x11a src/driver_init.o
 .debug_loc     0x00001434       0x21 src/slpctrl.o

.debug_macinfo
 *(.debug_macinfo)

.debug_weaknames
 *(.debug_weaknames)

.debug_funcnames
 *(.debug_funcnames)

.debug_typenames
 *(.debug_typenames)

.debug_varnames
 *(.debug_varnames)

.debug_pubtypes
 *(.debug_pubtypes)

.debug_ranges   0x00000000      0x210
 *(.debug_ranges)
 .debug_ranges  0x00000000       0x10 atmel_start.o
 .debug_ranges  0x00000010       0x20 driver_isr.o
 .debug_ranges  0x00000030       0x18 examples/src/touch_example.o
 .debug_ranges  0x00000048       0x18 main.o
 .debug_ranges  0x00000060       0x40 qtouch/datastreamer/kronocommadaptor.o
 .debug_ranges  0x000000a0       0x58 qtouch/datastreamer/kronocommuart.o
 .debug_ranges  0x000000f8       0x90 qtouch/touch.o
 .debug_ranges  0x00000188       0x10 src/bod.o
 .debug_ranges  0x00000198       0x10 src/clkctrl.o
 .debug_ranges  0x000001a8       0x10 src/cpuint.o
 .debug_ranges  0x000001b8       0x20 src/driver_init.o
 .debug_ranges  0x000001d8       0x10 src/rtc.o
 .debug_ranges  0x000001e8       0x18 src/slpctrl.o
 .debug_ranges  0x00000200       0x10 src/usart.o

.debug_macro
 *(.debug_macro)
OUTPUT(2D_Radial.elf elf32-avr)
LOAD linker stubs
