Archive member included to satisfy reference by file (symbol)

../qtouch/lib/gcc\libqtm_touch_key_avr128da_0x0002.a(avr_touch_key_g_avr128da.o)
                              qtouch/touch.o (qtm_update_qtlib_timer)
../qtouch/lib/gcc\libqtm_surface_gestures_avr128da_0x0023.a(avr_surface_gestures_g_avr128da.o)
                              qtouch/touch.o (qtm_init_gestures_2d)
../qtouch/lib/gcc\libqtm_surface_cs_2t_avr128da_0x0025.a(avr_surface_cs_2t_g_avr128da.o)
                              qtouch/touch.o (qtm_surface_cs2t_process)
../qtouch/lib/gcc\libqtm_acq_avr128da_0x0037.a(avr_acq_g_avr128da.o)
                              qtouch/touch.o (qtm_acquisition_process)
c:/program files (x86)/atmel/studio/7.0/toolchain/avr8/avr8-gnu-toolchain/bin/../lib/gcc/avr/5.4.0/avrxmega4\libgcc.a(_exit.o)
                              C:/Program Files (x86)/Atmel/Studio/7.0/Packs/Atmel/AVR-Dx_DFP/2.1.146/gcc/dev/avr128da48/avrxmega4/crtavr128da48.o (exit)
c:/program files (x86)/atmel/studio/7.0/toolchain/avr8/avr8-gnu-toolchain/bin/../lib/gcc/avr/5.4.0/avrxmega4\libgcc.a(_copy_data.o)
                              examples/src/usart_basic_example.o (__do_copy_data)
c:/program files (x86)/atmel/studio/7.0/toolchain/avr8/avr8-gnu-toolchain/bin/../lib/gcc/avr/5.4.0/avrxmega4\libgcc.a(_clear_bss.o)
                              examples/src/touch_example.o (__do_clear_bss)
c:/program files (x86)/atmel/studio/7.0/toolchain/avr8/avr8-gnu-toolchain/bin/../lib/gcc/avr/5.4.0/avrxmega4\libgcc.a(_umulhisi3.o)
                              qtouch/touch.o (__umulhisi3)
c:/program files (x86)/atmel/studio/7.0/toolchain/avr8/avr8-gnu-toolchain/bin/../lib/gcc/avr/5.4.0/avrxmega4\libgcc.a(_ashrdi3.o)
                              ../qtouch/lib/gcc\libqtm_acq_avr128da_0x0037.a(avr_acq_g_avr128da.o) (__lshrdi3)
c:/program files (x86)/atmel/studio/7.0/toolchain/avr8/avr8-gnu-toolchain/bin/../lib/gcc/avr/5.4.0/avrxmega4\libgcc.a(_cmpdi2_s8.o)
                              ../qtouch/lib/gcc\libqtm_acq_avr128da_0x0037.a(avr_acq_g_avr128da.o) (__cmpdi2_s8)
c:/program files (x86)/atmel/studio/7.0/toolchain/avr8/avr8-gnu-toolchain/bin/../lib/gcc/avr/5.4.0/../../../../avr/lib/avrxmega4\libc.a(strncmp.o)
                              examples/src/usart_basic_example.o (strncmp)
c:/program files (x86)/atmel/studio/7.0/toolchain/avr8/avr8-gnu-toolchain/bin/../lib/gcc/avr/5.4.0/../../../../avr/lib/avrxmega4\libc.a(printf.o)
                              examples/src/usart_basic_example.o (printf)
c:/program files (x86)/atmel/studio/7.0/toolchain/avr8/avr8-gnu-toolchain/bin/../lib/gcc/avr/5.4.0/../../../../avr/lib/avrxmega4\libc.a(vfprintf_std.o)
                              c:/program files (x86)/atmel/studio/7.0/toolchain/avr8/avr8-gnu-toolchain/bin/../lib/gcc/avr/5.4.0/../../../../avr/lib/avrxmega4\libc.a(printf.o) (vfprintf)
c:/program files (x86)/atmel/studio/7.0/toolchain/avr8/avr8-gnu-toolchain/bin/../lib/gcc/avr/5.4.0/../../../../avr/lib/avrxmega4\libc.a(strnlen_P.o)
                              c:/program files (x86)/atmel/studio/7.0/toolchain/avr8/avr8-gnu-toolchain/bin/../lib/gcc/avr/5.4.0/../../../../avr/lib/avrxmega4\libc.a(vfprintf_std.o) (strnlen_P)
c:/program files (x86)/atmel/studio/7.0/toolchain/avr8/avr8-gnu-toolchain/bin/../lib/gcc/avr/5.4.0/../../../../avr/lib/avrxmega4\libc.a(strnlen.o)
                              c:/program files (x86)/atmel/studio/7.0/toolchain/avr8/avr8-gnu-toolchain/bin/../lib/gcc/avr/5.4.0/../../../../avr/lib/avrxmega4\libc.a(vfprintf_std.o) (strnlen)
c:/program files (x86)/atmel/studio/7.0/toolchain/avr8/avr8-gnu-toolchain/bin/../lib/gcc/avr/5.4.0/../../../../avr/lib/avrxmega4\libc.a(fputc.o)
                              c:/program files (x86)/atmel/studio/7.0/toolchain/avr8/avr8-gnu-toolchain/bin/../lib/gcc/avr/5.4.0/../../../../avr/lib/avrxmega4\libc.a(vfprintf_std.o) (fputc)
c:/program files (x86)/atmel/studio/7.0/toolchain/avr8/avr8-gnu-toolchain/bin/../lib/gcc/avr/5.4.0/../../../../avr/lib/avrxmega4\libc.a(iob.o)
                              c:/program files (x86)/atmel/studio/7.0/toolchain/avr8/avr8-gnu-toolchain/bin/../lib/gcc/avr/5.4.0/../../../../avr/lib/avrxmega4\libc.a(printf.o) (__iob)
c:/program files (x86)/atmel/studio/7.0/toolchain/avr8/avr8-gnu-toolchain/bin/../lib/gcc/avr/5.4.0/../../../../avr/lib/avrxmega4\libc.a(ultoa_invert.o)
                              c:/program files (x86)/atmel/studio/7.0/toolchain/avr8/avr8-gnu-toolchain/bin/../lib/gcc/avr/5.4.0/../../../../avr/lib/avrxmega4\libc.a(vfprintf_std.o) (__ultoa_invert)

Allocating common symbols
Common symbol       size              file

qtm_surface_cs_data1
                    0x1               qtouch/touch.o
qtlib_key_grp_data_set1
                    0x6               qtouch/touch.o
timer               0x2               ../qtouch/lib/gcc\libqtm_surface_gestures_avr128da_0x0023.a(avr_surface_gestures_g_avr128da.o)
cfgRam              0x2               ../qtouch/lib/gcc\libqtm_surface_gestures_avr128da_0x0023.a(avr_surface_gestures_g_avr128da.o)
qtm_acquisition_control_working_set_ptr
                    0x2               ../qtouch/lib/gcc\libqtm_acq_avr128da_0x0037.a(avr_acq_g_avr128da.o)
interrupt_cnt       0x1               qtouch/touch.o
ptc_qtlib_node_stat1
                    0x1e              qtouch/touch.o
touch_acq_signals_raw
                    0xc               qtouch/touch.o
qtm_surface_contacts
                    0x16              qtouch/touch.o
qtm_gestures_2d_data
                    0x3               qtouch/touch.o
qtlib_key_data_set1
                    0x24              qtouch/touch.o
qtm_raw_data_measurements_ptr
                    0x2               ../qtouch/lib/gcc\libqtm_acq_avr128da_0x0037.a(avr_acq_g_avr128da.o)
__iob               0x6               c:/program files (x86)/atmel/studio/7.0/toolchain/avr8/avr8-gnu-toolchain/bin/../lib/gcc/avr/5.4.0/../../../../avr/lib/avrxmega4\libc.a(iob.o)

Discarded input sections

 .data          0x00000000        0x0 C:/Program Files (x86)/Atmel/Studio/7.0/Packs/Atmel/AVR-Dx_DFP/2.1.146/gcc/dev/avr128da48/avrxmega4/crtavr128da48.o
 .bss           0x00000000        0x0 C:/Program Files (x86)/Atmel/Studio/7.0/Packs/Atmel/AVR-Dx_DFP/2.1.146/gcc/dev/avr128da48/avrxmega4/crtavr128da48.o
 .text          0x00000000        0x0 atmel_start.o
 .data          0x00000000        0x0 atmel_start.o
 .bss           0x00000000        0x0 atmel_start.o
 .text          0x00000000        0x0 driver_isr.o
 .data          0x00000000        0x0 driver_isr.o
 .bss           0x00000000        0x0 driver_isr.o
 .text          0x00000000        0x0 examples/src/touch_example.o
 .data          0x00000000        0x0 examples/src/touch_example.o
 .bss           0x00000000        0x0 examples/src/touch_example.o
 .text          0x00000000        0x0 examples/src/usart_basic_example.o
 .data          0x00000000        0x0 examples/src/usart_basic_example.o
 .bss           0x00000000        0x0 examples/src/usart_basic_example.o
 .rodata.str1.1
                0x00000000        0x9 examples/src/usart_basic_example.o
 .text.USART_test_usart_basic
                0x00000000       0x6e examples/src/usart_basic_example.o
 .bss.rx        0x00000000       0x10 examples/src/usart_basic_example.o
 .debug_info    0x00000000      0x13f examples/src/usart_basic_example.o
 .debug_abbrev  0x00000000       0xcd examples/src/usart_basic_example.o
 .debug_loc     0x00000000       0xbe examples/src/usart_basic_example.o
 .debug_aranges
                0x00000000       0x20 examples/src/usart_basic_example.o
 .debug_ranges  0x00000000       0x10 examples/src/usart_basic_example.o
 .debug_line    0x00000000      0x12c examples/src/usart_basic_example.o
 .debug_str     0x00000000      0x1bc examples/src/usart_basic_example.o
 .comment       0x00000000       0x31 examples/src/usart_basic_example.o
 .debug_frame   0x00000000       0x4c examples/src/usart_basic_example.o
 .text          0x00000000        0x0 main.o
 .data          0x00000000        0x0 main.o
 .bss           0x00000000        0x0 main.o
 .bss.pre_key_statuse
                0x00000000        0x1 main.o
 .text          0x00000000        0x0 qtouch/datastreamer/datastreamer_UART_avr.o
 .data          0x00000000        0x0 qtouch/datastreamer/datastreamer_UART_avr.o
 .bss           0x00000000        0x0 qtouch/datastreamer/datastreamer_UART_avr.o
 .text          0x00000000        0x0 qtouch/touch.o
 .data          0x00000000        0x0 qtouch/touch.o
 .bss           0x00000000        0x0 qtouch/touch.o
 .text.update_sensor_node_signal
                0x00000000       0x1a qtouch/touch.o
 .text.update_sensor_node_reference
                0x00000000       0x1a qtouch/touch.o
 .text.update_sensor_cc_val
                0x00000000       0x1a qtouch/touch.o
 .text.update_sensor_state
                0x00000000       0x1e qtouch/touch.o
 .text.calibrate_node
                0x00000000       0x32 qtouch/touch.o
 .text.get_surface_status
                0x00000000        0xc qtouch/touch.o
 .text.get_surface_position
                0x00000000       0x30 qtouch/touch.o
 .text          0x00000000        0x0 src/bod.o
 .data          0x00000000        0x0 src/bod.o
 .bss           0x00000000        0x0 src/bod.o
 .text          0x00000000        0x0 src/clkctrl.o
 .data          0x00000000        0x0 src/clkctrl.o
 .bss           0x00000000        0x0 src/clkctrl.o
 .text          0x00000000        0x0 src/cpuint.o
 .data          0x00000000        0x0 src/cpuint.o
 .bss           0x00000000        0x0 src/cpuint.o
 .text          0x00000000        0x0 src/driver_init.o
 .data          0x00000000        0x0 src/driver_init.o
 .bss           0x00000000        0x0 src/driver_init.o
 .text          0x00000000        0x0 src/protected_io.o
 .data          0x00000000        0x0 src/protected_io.o
 .bss           0x00000000        0x0 src/protected_io.o
 .text          0x00000000        0x0 src/rtc.o
 .data          0x00000000        0x0 src/rtc.o
 .bss           0x00000000        0x0 src/rtc.o
 .text          0x00000000        0x0 src/slpctrl.o
 .data          0x00000000        0x0 src/slpctrl.o
 .bss           0x00000000        0x0 src/slpctrl.o
 .text.SLPCTRL_set_sleep_mode
                0x00000000       0x10 src/slpctrl.o
 .text          0x00000000        0x0 src/usart_basic.o
 .data          0x00000000        0x0 src/usart_basic.o
 .bss           0x00000000        0x0 src/usart_basic.o
 .text.USART_enable
                0x00000000        0xc src/usart_basic.o
 .text.USART_enable_rx
                0x00000000        0xc src/usart_basic.o
 .text.USART_enable_tx
                0x00000000        0xc src/usart_basic.o
 .text.USART_disable
                0x00000000        0xc src/usart_basic.o
 .text.USART_get_data
                0x00000000        0x6 src/usart_basic.o
 .text.USART_is_rx_ready
                0x00000000        0xc src/usart_basic.o
 .text.USART_read
                0x00000000       0x10 src/usart_basic.o
 .text          0x00000000        0x0 ../qtouch/lib/gcc\libqtm_touch_key_avr128da_0x0002.a(avr_touch_key_g_avr128da.o)
 .data          0x00000000        0x0 ../qtouch/lib/gcc\libqtm_touch_key_avr128da_0x0002.a(avr_touch_key_g_avr128da.o)
 .bss           0x00000000        0x0 ../qtouch/lib/gcc\libqtm_touch_key_avr128da_0x0002.a(avr_touch_key_g_avr128da.o)
 .text.qtm_key_suspend
                0x00000000       0x4e ../qtouch/lib/gcc\libqtm_touch_key_avr128da_0x0002.a(avr_touch_key_g_avr128da.o)
 .text.qtm_key_resume
                0x00000000       0x4e ../qtouch/lib/gcc\libqtm_touch_key_avr128da_0x0002.a(avr_touch_key_g_avr128da.o)
 .text.qtm_get_touch_keys_module_id
                0x00000000        0x6 ../qtouch/lib/gcc\libqtm_touch_key_avr128da_0x0002.a(avr_touch_key_g_avr128da.o)
 .text.qtm_get_touch_keys_module_ver
                0x00000000        0x4 ../qtouch/lib/gcc\libqtm_touch_key_avr128da_0x0002.a(avr_touch_key_g_avr128da.o)
 .text          0x00000000        0x0 ../qtouch/lib/gcc\libqtm_surface_gestures_avr128da_0x0023.a(avr_surface_gestures_g_avr128da.o)
 .data          0x00000000        0x0 ../qtouch/lib/gcc\libqtm_surface_gestures_avr128da_0x0023.a(avr_surface_gestures_g_avr128da.o)
 .bss           0x00000000        0x0 ../qtouch/lib/gcc\libqtm_surface_gestures_avr128da_0x0023.a(avr_surface_gestures_g_avr128da.o)
 .text.Gestures_QueryValue
                0x00000000        0x6 ../qtouch/lib/gcc\libqtm_surface_gestures_avr128da_0x0023.a(avr_surface_gestures_g_avr128da.o)
 .text.Gestures_QueryDiag
                0x00000000        0x6 ../qtouch/lib/gcc\libqtm_surface_gestures_avr128da_0x0023.a(avr_surface_gestures_g_avr128da.o)
 .text.qtm_gestures_2d_clearGesture
                0x00000000        0xa ../qtouch/lib/gcc\libqtm_surface_gestures_avr128da_0x0023.a(avr_surface_gestures_g_avr128da.o)
 .text.qtm_get_gesture_2d_module_id
                0x00000000        0x6 ../qtouch/lib/gcc\libqtm_surface_gestures_avr128da_0x0023.a(avr_surface_gestures_g_avr128da.o)
 .text.qtm_get_gesture_2d_module_ver
                0x00000000        0x4 ../qtouch/lib/gcc\libqtm_surface_gestures_avr128da_0x0023.a(avr_surface_gestures_g_avr128da.o)
 .text          0x00000000        0x0 ../qtouch/lib/gcc\libqtm_surface_cs_2t_avr128da_0x0025.a(avr_surface_cs_2t_g_avr128da.o)
 .data          0x00000000        0x0 ../qtouch/lib/gcc\libqtm_surface_cs_2t_avr128da_0x0025.a(avr_surface_cs_2t_g_avr128da.o)
 .bss           0x00000000        0x0 ../qtouch/lib/gcc\libqtm_surface_cs_2t_avr128da_0x0025.a(avr_surface_cs_2t_g_avr128da.o)
 .text.qtm_get_surface_cs2t_module_id
                0x00000000        0x6 ../qtouch/lib/gcc\libqtm_surface_cs_2t_avr128da_0x0025.a(avr_surface_cs_2t_g_avr128da.o)
 .text.qtm_get_surface_cs2t_module_ver
                0x00000000        0x4 ../qtouch/lib/gcc\libqtm_surface_cs_2t_avr128da_0x0025.a(avr_surface_cs_2t_g_avr128da.o)
 .text          0x00000000        0x0 ../qtouch/lib/gcc\libqtm_acq_avr128da_0x0037.a(avr_acq_g_avr128da.o)
 .data          0x00000000        0x0 ../qtouch/lib/gcc\libqtm_acq_avr128da_0x0037.a(avr_acq_g_avr128da.o)
 .bss           0x00000000        0x0 ../qtouch/lib/gcc\libqtm_acq_avr128da_0x0037.a(avr_acq_g_avr128da.o)
 .text.qtm_autoscan_sensor_node
                0x00000000      0x110 ../qtouch/lib/gcc\libqtm_acq_avr128da_0x0037.a(avr_acq_g_avr128da.o)
 .text.qtm_autoscan_node_cancel
                0x00000000       0x1e ../qtouch/lib/gcc\libqtm_acq_avr128da_0x0037.a(avr_acq_g_avr128da.o)
 .text.qtm_ptc_de_init
                0x00000000        0x6 ../qtouch/lib/gcc\libqtm_acq_avr128da_0x0037.a(avr_acq_g_avr128da.o)
 .text.qtm_avr_da_acq_module_get_id
                0x00000000        0x6 ../qtouch/lib/gcc\libqtm_acq_avr128da_0x0037.a(avr_acq_g_avr128da.o)
 .text.qtm_avr_da_acq_module_get_version
                0x00000000        0x4 ../qtouch/lib/gcc\libqtm_acq_avr128da_0x0037.a(avr_acq_g_avr128da.o)
 .text          0x00000000        0x0 c:/program files (x86)/atmel/studio/7.0/toolchain/avr8/avr8-gnu-toolchain/bin/../lib/gcc/avr/5.4.0/avrxmega4\libgcc.a(_exit.o)
 .data          0x00000000        0x0 c:/program files (x86)/atmel/studio/7.0/toolchain/avr8/avr8-gnu-toolchain/bin/../lib/gcc/avr/5.4.0/avrxmega4\libgcc.a(_exit.o)
 .bss           0x00000000        0x0 c:/program files (x86)/atmel/studio/7.0/toolchain/avr8/avr8-gnu-toolchain/bin/../lib/gcc/avr/5.4.0/avrxmega4\libgcc.a(_exit.o)
 .text.libgcc.mul
                0x00000000        0x0 c:/program files (x86)/atmel/studio/7.0/toolchain/avr8/avr8-gnu-toolchain/bin/../lib/gcc/avr/5.4.0/avrxmega4\libgcc.a(_exit.o)
 .text.libgcc.div
                0x00000000        0x0 c:/program files (x86)/atmel/studio/7.0/toolchain/avr8/avr8-gnu-toolchain/bin/../lib/gcc/avr/5.4.0/avrxmega4\libgcc.a(_exit.o)
 .text.libgcc   0x00000000        0x0 c:/program files (x86)/atmel/studio/7.0/toolchain/avr8/avr8-gnu-toolchain/bin/../lib/gcc/avr/5.4.0/avrxmega4\libgcc.a(_exit.o)
 .text.libgcc.prologue
                0x00000000        0x0 c:/program files (x86)/atmel/studio/7.0/toolchain/avr8/avr8-gnu-toolchain/bin/../lib/gcc/avr/5.4.0/avrxmega4\libgcc.a(_exit.o)
 .text.libgcc.builtins
                0x00000000        0x0 c:/program files (x86)/atmel/studio/7.0/toolchain/avr8/avr8-gnu-toolchain/bin/../lib/gcc/avr/5.4.0/avrxmega4\libgcc.a(_exit.o)
 .text.libgcc.fmul
                0x00000000        0x0 c:/program files (x86)/atmel/studio/7.0/toolchain/avr8/avr8-gnu-toolchain/bin/../lib/gcc/avr/5.4.0/avrxmega4\libgcc.a(_exit.o)
 .text.libgcc.fixed
                0x00000000        0x0 c:/program files (x86)/atmel/studio/7.0/toolchain/avr8/avr8-gnu-toolchain/bin/../lib/gcc/avr/5.4.0/avrxmega4\libgcc.a(_exit.o)
 .text          0x00000000        0x0 c:/program files (x86)/atmel/studio/7.0/toolchain/avr8/avr8-gnu-toolchain/bin/../lib/gcc/avr/5.4.0/avrxmega4\libgcc.a(_copy_data.o)
 .data          0x00000000        0x0 c:/program files (x86)/atmel/studio/7.0/toolchain/avr8/avr8-gnu-toolchain/bin/../lib/gcc/avr/5.4.0/avrxmega4\libgcc.a(_copy_data.o)
 .bss           0x00000000        0x0 c:/program files (x86)/atmel/studio/7.0/toolchain/avr8/avr8-gnu-toolchain/bin/../lib/gcc/avr/5.4.0/avrxmega4\libgcc.a(_copy_data.o)
 .text.libgcc.mul
                0x00000000        0x0 c:/program files (x86)/atmel/studio/7.0/toolchain/avr8/avr8-gnu-toolchain/bin/../lib/gcc/avr/5.4.0/avrxmega4\libgcc.a(_copy_data.o)
 .text.libgcc.div
                0x00000000        0x0 c:/program files (x86)/atmel/studio/7.0/toolchain/avr8/avr8-gnu-toolchain/bin/../lib/gcc/avr/5.4.0/avrxmega4\libgcc.a(_copy_data.o)
 .text.libgcc   0x00000000        0x0 c:/program files (x86)/atmel/studio/7.0/toolchain/avr8/avr8-gnu-toolchain/bin/../lib/gcc/avr/5.4.0/avrxmega4\libgcc.a(_copy_data.o)
 .text.libgcc.prologue
                0x00000000        0x0 c:/program files (x86)/atmel/studio/7.0/toolchain/avr8/avr8-gnu-toolchain/bin/../lib/gcc/avr/5.4.0/avrxmega4\libgcc.a(_copy_data.o)
 .text.libgcc.builtins
                0x00000000        0x0 c:/program files (x86)/atmel/studio/7.0/toolchain/avr8/avr8-gnu-toolchain/bin/../lib/gcc/avr/5.4.0/avrxmega4\libgcc.a(_copy_data.o)
 .text.libgcc.fmul
                0x00000000        0x0 c:/program files (x86)/atmel/studio/7.0/toolchain/avr8/avr8-gnu-toolchain/bin/../lib/gcc/avr/5.4.0/avrxmega4\libgcc.a(_copy_data.o)
 .text.libgcc.fixed
                0x00000000        0x0 c:/program files (x86)/atmel/studio/7.0/toolchain/avr8/avr8-gnu-toolchain/bin/../lib/gcc/avr/5.4.0/avrxmega4\libgcc.a(_copy_data.o)
 .text          0x00000000        0x0 c:/program files (x86)/atmel/studio/7.0/toolchain/avr8/avr8-gnu-toolchain/bin/../lib/gcc/avr/5.4.0/avrxmega4\libgcc.a(_clear_bss.o)
 .data          0x00000000        0x0 c:/program files (x86)/atmel/studio/7.0/toolchain/avr8/avr8-gnu-toolchain/bin/../lib/gcc/avr/5.4.0/avrxmega4\libgcc.a(_clear_bss.o)
 .bss           0x00000000        0x0 c:/program files (x86)/atmel/studio/7.0/toolchain/avr8/avr8-gnu-toolchain/bin/../lib/gcc/avr/5.4.0/avrxmega4\libgcc.a(_clear_bss.o)
 .text.libgcc.mul
                0x00000000        0x0 c:/program files (x86)/atmel/studio/7.0/toolchain/avr8/avr8-gnu-toolchain/bin/../lib/gcc/avr/5.4.0/avrxmega4\libgcc.a(_clear_bss.o)
 .text.libgcc.div
                0x00000000        0x0 c:/program files (x86)/atmel/studio/7.0/toolchain/avr8/avr8-gnu-toolchain/bin/../lib/gcc/avr/5.4.0/avrxmega4\libgcc.a(_clear_bss.o)
 .text.libgcc   0x00000000        0x0 c:/program files (x86)/atmel/studio/7.0/toolchain/avr8/avr8-gnu-toolchain/bin/../lib/gcc/avr/5.4.0/avrxmega4\libgcc.a(_clear_bss.o)
 .text.libgcc.prologue
                0x00000000        0x0 c:/program files (x86)/atmel/studio/7.0/toolchain/avr8/avr8-gnu-toolchain/bin/../lib/gcc/avr/5.4.0/avrxmega4\libgcc.a(_clear_bss.o)
 .text.libgcc.builtins
                0x00000000        0x0 c:/program files (x86)/atmel/studio/7.0/toolchain/avr8/avr8-gnu-toolchain/bin/../lib/gcc/avr/5.4.0/avrxmega4\libgcc.a(_clear_bss.o)
 .text.libgcc.fmul
                0x00000000        0x0 c:/program files (x86)/atmel/studio/7.0/toolchain/avr8/avr8-gnu-toolchain/bin/../lib/gcc/avr/5.4.0/avrxmega4\libgcc.a(_clear_bss.o)
 .text.libgcc.fixed
                0x00000000        0x0 c:/program files (x86)/atmel/studio/7.0/toolchain/avr8/avr8-gnu-toolchain/bin/../lib/gcc/avr/5.4.0/avrxmega4\libgcc.a(_clear_bss.o)
 .text          0x00000000        0x0 c:/program files (x86)/atmel/studio/7.0/toolchain/avr8/avr8-gnu-toolchain/bin/../lib/gcc/avr/5.4.0/avrxmega4\libgcc.a(_umulhisi3.o)
 .data          0x00000000        0x0 c:/program files (x86)/atmel/studio/7.0/toolchain/avr8/avr8-gnu-toolchain/bin/../lib/gcc/avr/5.4.0/avrxmega4\libgcc.a(_umulhisi3.o)
 .bss           0x00000000        0x0 c:/program files (x86)/atmel/studio/7.0/toolchain/avr8/avr8-gnu-toolchain/bin/../lib/gcc/avr/5.4.0/avrxmega4\libgcc.a(_umulhisi3.o)
 .text.libgcc.div
                0x00000000        0x0 c:/program files (x86)/atmel/studio/7.0/toolchain/avr8/avr8-gnu-toolchain/bin/../lib/gcc/avr/5.4.0/avrxmega4\libgcc.a(_umulhisi3.o)
 .text.libgcc   0x00000000        0x0 c:/program files (x86)/atmel/studio/7.0/toolchain/avr8/avr8-gnu-toolchain/bin/../lib/gcc/avr/5.4.0/avrxmega4\libgcc.a(_umulhisi3.o)
 .text.libgcc.prologue
                0x00000000        0x0 c:/program files (x86)/atmel/studio/7.0/toolchain/avr8/avr8-gnu-toolchain/bin/../lib/gcc/avr/5.4.0/avrxmega4\libgcc.a(_umulhisi3.o)
 .text.libgcc.builtins
                0x00000000        0x0 c:/program files (x86)/atmel/studio/7.0/toolchain/avr8/avr8-gnu-toolchain/bin/../lib/gcc/avr/5.4.0/avrxmega4\libgcc.a(_umulhisi3.o)
 .text.libgcc.fmul
                0x00000000        0x0 c:/program files (x86)/atmel/studio/7.0/toolchain/avr8/avr8-gnu-toolchain/bin/../lib/gcc/avr/5.4.0/avrxmega4\libgcc.a(_umulhisi3.o)
 .text.libgcc.fixed
                0x00000000        0x0 c:/program files (x86)/atmel/studio/7.0/toolchain/avr8/avr8-gnu-toolchain/bin/../lib/gcc/avr/5.4.0/avrxmega4\libgcc.a(_umulhisi3.o)
 .text          0x00000000        0x0 c:/program files (x86)/atmel/studio/7.0/toolchain/avr8/avr8-gnu-toolchain/bin/../lib/gcc/avr/5.4.0/avrxmega4\libgcc.a(_ashrdi3.o)
 .data          0x00000000        0x0 c:/program files (x86)/atmel/studio/7.0/toolchain/avr8/avr8-gnu-toolchain/bin/../lib/gcc/avr/5.4.0/avrxmega4\libgcc.a(_ashrdi3.o)
 .bss           0x00000000        0x0 c:/program files (x86)/atmel/studio/7.0/toolchain/avr8/avr8-gnu-toolchain/bin/../lib/gcc/avr/5.4.0/avrxmega4\libgcc.a(_ashrdi3.o)
 .text.libgcc.mul
                0x00000000        0x0 c:/program files (x86)/atmel/studio/7.0/toolchain/avr8/avr8-gnu-toolchain/bin/../lib/gcc/avr/5.4.0/avrxmega4\libgcc.a(_ashrdi3.o)
 .text.libgcc.div
                0x00000000        0x0 c:/program files (x86)/atmel/studio/7.0/toolchain/avr8/avr8-gnu-toolchain/bin/../lib/gcc/avr/5.4.0/avrxmega4\libgcc.a(_ashrdi3.o)
 .text.libgcc   0x00000000        0x0 c:/program files (x86)/atmel/studio/7.0/toolchain/avr8/avr8-gnu-toolchain/bin/../lib/gcc/avr/5.4.0/avrxmega4\libgcc.a(_ashrdi3.o)
 .text.libgcc.prologue
                0x00000000        0x0 c:/program files (x86)/atmel/studio/7.0/toolchain/avr8/avr8-gnu-toolchain/bin/../lib/gcc/avr/5.4.0/avrxmega4\libgcc.a(_ashrdi3.o)
 .text.libgcc.fmul
                0x00000000        0x0 c:/program files (x86)/atmel/studio/7.0/toolchain/avr8/avr8-gnu-toolchain/bin/../lib/gcc/avr/5.4.0/avrxmega4\libgcc.a(_ashrdi3.o)
 .text.libgcc.fixed
                0x00000000        0x0 c:/program files (x86)/atmel/studio/7.0/toolchain/avr8/avr8-gnu-toolchain/bin/../lib/gcc/avr/5.4.0/avrxmega4\libgcc.a(_ashrdi3.o)
 .text          0x00000000        0x0 c:/program files (x86)/atmel/studio/7.0/toolchain/avr8/avr8-gnu-toolchain/bin/../lib/gcc/avr/5.4.0/avrxmega4\libgcc.a(_cmpdi2_s8.o)
 .data          0x00000000        0x0 c:/program files (x86)/atmel/studio/7.0/toolchain/avr8/avr8-gnu-toolchain/bin/../lib/gcc/avr/5.4.0/avrxmega4\libgcc.a(_cmpdi2_s8.o)
 .bss           0x00000000        0x0 c:/program files (x86)/atmel/studio/7.0/toolchain/avr8/avr8-gnu-toolchain/bin/../lib/gcc/avr/5.4.0/avrxmega4\libgcc.a(_cmpdi2_s8.o)
 .text.libgcc.mul
                0x00000000        0x0 c:/program files (x86)/atmel/studio/7.0/toolchain/avr8/avr8-gnu-toolchain/bin/../lib/gcc/avr/5.4.0/avrxmega4\libgcc.a(_cmpdi2_s8.o)
 .text.libgcc.div
                0x00000000        0x0 c:/program files (x86)/atmel/studio/7.0/toolchain/avr8/avr8-gnu-toolchain/bin/../lib/gcc/avr/5.4.0/avrxmega4\libgcc.a(_cmpdi2_s8.o)
 .text.libgcc.prologue
                0x00000000        0x0 c:/program files (x86)/atmel/studio/7.0/toolchain/avr8/avr8-gnu-toolchain/bin/../lib/gcc/avr/5.4.0/avrxmega4\libgcc.a(_cmpdi2_s8.o)
 .text.libgcc.builtins
                0x00000000        0x0 c:/program files (x86)/atmel/studio/7.0/toolchain/avr8/avr8-gnu-toolchain/bin/../lib/gcc/avr/5.4.0/avrxmega4\libgcc.a(_cmpdi2_s8.o)
 .text.libgcc.fmul
                0x00000000        0x0 c:/program files (x86)/atmel/studio/7.0/toolchain/avr8/avr8-gnu-toolchain/bin/../lib/gcc/avr/5.4.0/avrxmega4\libgcc.a(_cmpdi2_s8.o)
 .text.libgcc.fixed
                0x00000000        0x0 c:/program files (x86)/atmel/studio/7.0/toolchain/avr8/avr8-gnu-toolchain/bin/../lib/gcc/avr/5.4.0/avrxmega4\libgcc.a(_cmpdi2_s8.o)
 .text          0x00000000        0x0 c:/program files (x86)/atmel/studio/7.0/toolchain/avr8/avr8-gnu-toolchain/bin/../lib/gcc/avr/5.4.0/../../../../avr/lib/avrxmega4\libc.a(strncmp.o)
 .data          0x00000000        0x0 c:/program files (x86)/atmel/studio/7.0/toolchain/avr8/avr8-gnu-toolchain/bin/../lib/gcc/avr/5.4.0/../../../../avr/lib/avrxmega4\libc.a(strncmp.o)
 .bss           0x00000000        0x0 c:/program files (x86)/atmel/studio/7.0/toolchain/avr8/avr8-gnu-toolchain/bin/../lib/gcc/avr/5.4.0/../../../../avr/lib/avrxmega4\libc.a(strncmp.o)
 .text.avr-libc
                0x00000000       0x1c c:/program files (x86)/atmel/studio/7.0/toolchain/avr8/avr8-gnu-toolchain/bin/../lib/gcc/avr/5.4.0/../../../../avr/lib/avrxmega4\libc.a(strncmp.o)
 .text          0x00000000        0x0 c:/program files (x86)/atmel/studio/7.0/toolchain/avr8/avr8-gnu-toolchain/bin/../lib/gcc/avr/5.4.0/../../../../avr/lib/avrxmega4\libc.a(printf.o)
 .data          0x00000000        0x0 c:/program files (x86)/atmel/studio/7.0/toolchain/avr8/avr8-gnu-toolchain/bin/../lib/gcc/avr/5.4.0/../../../../avr/lib/avrxmega4\libc.a(printf.o)
 .bss           0x00000000        0x0 c:/program files (x86)/atmel/studio/7.0/toolchain/avr8/avr8-gnu-toolchain/bin/../lib/gcc/avr/5.4.0/../../../../avr/lib/avrxmega4\libc.a(printf.o)
 .text.avr-libc
                0x00000000       0x28 c:/program files (x86)/atmel/studio/7.0/toolchain/avr8/avr8-gnu-toolchain/bin/../lib/gcc/avr/5.4.0/../../../../avr/lib/avrxmega4\libc.a(printf.o)
 .comment       0x00000000       0x31 c:/program files (x86)/atmel/studio/7.0/toolchain/avr8/avr8-gnu-toolchain/bin/../lib/gcc/avr/5.4.0/../../../../avr/lib/avrxmega4\libc.a(printf.o)
 .text          0x00000000        0x0 c:/program files (x86)/atmel/studio/7.0/toolchain/avr8/avr8-gnu-toolchain/bin/../lib/gcc/avr/5.4.0/../../../../avr/lib/avrxmega4\libc.a(vfprintf_std.o)
 .data          0x00000000        0x0 c:/program files (x86)/atmel/studio/7.0/toolchain/avr8/avr8-gnu-toolchain/bin/../lib/gcc/avr/5.4.0/../../../../avr/lib/avrxmega4\libc.a(vfprintf_std.o)
 .bss           0x00000000        0x0 c:/program files (x86)/atmel/studio/7.0/toolchain/avr8/avr8-gnu-toolchain/bin/../lib/gcc/avr/5.4.0/../../../../avr/lib/avrxmega4\libc.a(vfprintf_std.o)
 .text.avr-libc
                0x00000000      0x408 c:/program files (x86)/atmel/studio/7.0/toolchain/avr8/avr8-gnu-toolchain/bin/../lib/gcc/avr/5.4.0/../../../../avr/lib/avrxmega4\libc.a(vfprintf_std.o)
 .comment       0x00000000       0x2d c:/program files (x86)/atmel/studio/7.0/toolchain/avr8/avr8-gnu-toolchain/bin/../lib/gcc/avr/5.4.0/../../../../avr/lib/avrxmega4\libc.a(vfprintf_std.o)
 .text          0x00000000        0x0 c:/program files (x86)/atmel/studio/7.0/toolchain/avr8/avr8-gnu-toolchain/bin/../lib/gcc/avr/5.4.0/../../../../avr/lib/avrxmega4\libc.a(strnlen_P.o)
 .data          0x00000000        0x0 c:/program files (x86)/atmel/studio/7.0/toolchain/avr8/avr8-gnu-toolchain/bin/../lib/gcc/avr/5.4.0/../../../../avr/lib/avrxmega4\libc.a(strnlen_P.o)
 .bss           0x00000000        0x0 c:/program files (x86)/atmel/studio/7.0/toolchain/avr8/avr8-gnu-toolchain/bin/../lib/gcc/avr/5.4.0/../../../../avr/lib/avrxmega4\libc.a(strnlen_P.o)
 .text.avr-libc
                0x00000000       0x16 c:/program files (x86)/atmel/studio/7.0/toolchain/avr8/avr8-gnu-toolchain/bin/../lib/gcc/avr/5.4.0/../../../../avr/lib/avrxmega4\libc.a(strnlen_P.o)
 .text          0x00000000        0x0 c:/program files (x86)/atmel/studio/7.0/toolchain/avr8/avr8-gnu-toolchain/bin/../lib/gcc/avr/5.4.0/../../../../avr/lib/avrxmega4\libc.a(strnlen.o)
 .data          0x00000000        0x0 c:/program files (x86)/atmel/studio/7.0/toolchain/avr8/avr8-gnu-toolchain/bin/../lib/gcc/avr/5.4.0/../../../../avr/lib/avrxmega4\libc.a(strnlen.o)
 .bss           0x00000000        0x0 c:/program files (x86)/atmel/studio/7.0/toolchain/avr8/avr8-gnu-toolchain/bin/../lib/gcc/avr/5.4.0/../../../../avr/lib/avrxmega4\libc.a(strnlen.o)
 .text.avr-libc
                0x00000000       0x16 c:/program files (x86)/atmel/studio/7.0/toolchain/avr8/avr8-gnu-toolchain/bin/../lib/gcc/avr/5.4.0/../../../../avr/lib/avrxmega4\libc.a(strnlen.o)
 .text          0x00000000        0x0 c:/program files (x86)/atmel/studio/7.0/toolchain/avr8/avr8-gnu-toolchain/bin/../lib/gcc/avr/5.4.0/../../../../avr/lib/avrxmega4\libc.a(fputc.o)
 .data          0x00000000        0x0 c:/program files (x86)/atmel/studio/7.0/toolchain/avr8/avr8-gnu-toolchain/bin/../lib/gcc/avr/5.4.0/../../../../avr/lib/avrxmega4\libc.a(fputc.o)
 .bss           0x00000000        0x0 c:/program files (x86)/atmel/studio/7.0/toolchain/avr8/avr8-gnu-toolchain/bin/../lib/gcc/avr/5.4.0/../../../../avr/lib/avrxmega4\libc.a(fputc.o)
 .text.avr-libc
                0x00000000       0x78 c:/program files (x86)/atmel/studio/7.0/toolchain/avr8/avr8-gnu-toolchain/bin/../lib/gcc/avr/5.4.0/../../../../avr/lib/avrxmega4\libc.a(fputc.o)
 .comment       0x00000000       0x31 c:/program files (x86)/atmel/studio/7.0/toolchain/avr8/avr8-gnu-toolchain/bin/../lib/gcc/avr/5.4.0/../../../../avr/lib/avrxmega4\libc.a(fputc.o)
 .text          0x00000000        0x0 c:/program files (x86)/atmel/studio/7.0/toolchain/avr8/avr8-gnu-toolchain/bin/../lib/gcc/avr/5.4.0/../../../../avr/lib/avrxmega4\libc.a(iob.o)
 .data          0x00000000        0x0 c:/program files (x86)/atmel/studio/7.0/toolchain/avr8/avr8-gnu-toolchain/bin/../lib/gcc/avr/5.4.0/../../../../avr/lib/avrxmega4\libc.a(iob.o)
 .bss           0x00000000        0x0 c:/program files (x86)/atmel/studio/7.0/toolchain/avr8/avr8-gnu-toolchain/bin/../lib/gcc/avr/5.4.0/../../../../avr/lib/avrxmega4\libc.a(iob.o)
 .comment       0x00000000       0x31 c:/program files (x86)/atmel/studio/7.0/toolchain/avr8/avr8-gnu-toolchain/bin/../lib/gcc/avr/5.4.0/../../../../avr/lib/avrxmega4\libc.a(iob.o)
 COMMON         0x00000000        0x6 c:/program files (x86)/atmel/studio/7.0/toolchain/avr8/avr8-gnu-toolchain/bin/../lib/gcc/avr/5.4.0/../../../../avr/lib/avrxmega4\libc.a(iob.o)
 .text          0x00000000        0x0 c:/program files (x86)/atmel/studio/7.0/toolchain/avr8/avr8-gnu-toolchain/bin/../lib/gcc/avr/5.4.0/../../../../avr/lib/avrxmega4\libc.a(ultoa_invert.o)
 .data          0x00000000        0x0 c:/program files (x86)/atmel/studio/7.0/toolchain/avr8/avr8-gnu-toolchain/bin/../lib/gcc/avr/5.4.0/../../../../avr/lib/avrxmega4\libc.a(ultoa_invert.o)
 .bss           0x00000000        0x0 c:/program files (x86)/atmel/studio/7.0/toolchain/avr8/avr8-gnu-toolchain/bin/../lib/gcc/avr/5.4.0/../../../../avr/lib/avrxmega4\libc.a(ultoa_invert.o)
 .text.avr-libc
                0x00000000       0xbc c:/program files (x86)/atmel/studio/7.0/toolchain/avr8/avr8-gnu-toolchain/bin/../lib/gcc/avr/5.4.0/../../../../avr/lib/avrxmega4\libc.a(ultoa_invert.o)

Memory Configuration

Name             Origin             Length             Attributes
text             0x00000000         0x00020000         xr
data             0x00802000         0x00004000         rw !x
eeprom           0x00810000         0x00000200         rw !x
fuse             0x00820000         0x00000010         rw !x
lock             0x00830000         0x00000400         rw !x
signature        0x00840000         0x00000400         rw !x
user_signatures  0x00850000         0x00000400         rw !x
*default*        0x00000000         0xffffffff

Linker script and memory map

Address of section .data set to 0x804000
                0x00008000                __RODATA_PM_OFFSET__ = 0x8000
LOAD C:/Program Files (x86)/Atmel/Studio/7.0/Packs/Atmel/AVR-Dx_DFP/2.1.146/gcc/dev/avr128da48/avrxmega4/crtavr128da48.o
LOAD atmel_start.o
LOAD driver_isr.o
LOAD examples/src/touch_example.o
LOAD examples/src/usart_basic_example.o
LOAD main.o
LOAD qtouch/datastreamer/datastreamer_UART_avr.o
LOAD qtouch/touch.o
LOAD src/bod.o
LOAD src/clkctrl.o
LOAD src/cpuint.o
LOAD src/driver_init.o
LOAD src/protected_io.o
LOAD src/rtc.o
LOAD src/slpctrl.o
LOAD src/usart_basic.o
START GROUP
LOAD ../qtouch/lib/gcc\libqtm_touch_key_avr128da_0x0002.a
LOAD ../qtouch/lib/gcc\libqtm_surface_gestures_avr128da_0x0023.a
LOAD ../qtouch/lib/gcc\libqtm_surface_cs_2t_avr128da_0x0025.a
LOAD ../qtouch/lib/gcc\libqtm_acq_avr128da_0x0037.a
LOAD c:/program files (x86)/atmel/studio/7.0/toolchain/avr8/avr8-gnu-toolchain/bin/../lib/gcc/avr/5.4.0/../../../../avr/lib/avrxmega4\libm.a
END GROUP
START GROUP
LOAD c:/program files (x86)/atmel/studio/7.0/toolchain/avr8/avr8-gnu-toolchain/bin/../lib/gcc/avr/5.4.0/avrxmega4\libgcc.a
LOAD c:/program files (x86)/atmel/studio/7.0/toolchain/avr8/avr8-gnu-toolchain/bin/../lib/gcc/avr/5.4.0/../../../../avr/lib/avrxmega4\libm.a
LOAD c:/program files (x86)/atmel/studio/7.0/toolchain/avr8/avr8-gnu-toolchain/bin/../lib/gcc/avr/5.4.0/../../../../avr/lib/avrxmega4\libc.a
LOAD C:/Program Files (x86)/Atmel/Studio/7.0/Packs/Atmel/AVR-Dx_DFP/2.1.146/gcc/dev/avr128da48/avrxmega4\libavr128da48.a
END GROUP
                [0x00020000]                __TEXT_REGION_LENGTH__ = DEFINED (__TEXT_REGION_LENGTH__)?__TEXT_REGION_LENGTH__:0x100000
                [0x00004000]                __DATA_REGION_LENGTH__ = DEFINED (__DATA_REGION_LENGTH__)?__DATA_REGION_LENGTH__:0xffa0
                [0x00000200]                __EEPROM_REGION_LENGTH__ = DEFINED (__EEPROM_REGION_LENGTH__)?__EEPROM_REGION_LENGTH__:0x10000
                [0x00000010]                __FUSE_REGION_LENGTH__ = DEFINED (__FUSE_REGION_LENGTH__)?__FUSE_REGION_LENGTH__:0x400
                0x00000400                __LOCK_REGION_LENGTH__ = DEFINED (__LOCK_REGION_LENGTH__)?__LOCK_REGION_LENGTH__:0x400
                0x00000400                __SIGNATURE_REGION_LENGTH__ = DEFINED (__SIGNATURE_REGION_LENGTH__)?__SIGNATURE_REGION_LENGTH__:0x400
                0x00000400                __USER_SIGNATURE_REGION_LENGTH__ = DEFINED (__USER_SIGNATURE_REGION_LENGTH__)?__USER_SIGNATURE_REGION_LENGTH__:0x400

.hash
 *(.hash)

.dynsym
 *(.dynsym)

.dynstr
 *(.dynstr)

.gnu.version
 *(.gnu.version)

.gnu.version_d
 *(.gnu.version_d)

.gnu.version_r
 *(.gnu.version_r)

.rel.init
 *(.rel.init)

.rela.init
 *(.rela.init)

.rel.text
 *(.rel.text)
 *(.rel.text.*)
 *(.rel.gnu.linkonce.t*)

.rela.text
 *(.rela.text)
 *(.rela.text.*)
 *(.rela.gnu.linkonce.t*)

.rel.fini
 *(.rel.fini)

.rela.fini
 *(.rela.fini)

.rel.rodata
 *(.rel.rodata)
 *(.rel.rodata.*)
 *(.rel.gnu.linkonce.r*)

.rela.rodata
 *(.rela.rodata)
 *(.rela.rodata.*)
 *(.rela.gnu.linkonce.r*)

.rel.data
 *(.rel.data)
 *(.rel.data.*)
 *(.rel.gnu.linkonce.d*)

.rela.data
 *(.rela.data)
 *(.rela.data.*)
 *(.rela.gnu.linkonce.d*)

.rel.ctors
 *(.rel.ctors)

.rela.ctors
 *(.rela.ctors)

.rel.dtors
 *(.rel.dtors)

.rela.dtors
 *(.rela.dtors)

.rel.got
 *(.rel.got)

.rela.got
 *(.rela.got)

.rel.bss
 *(.rel.bss)

.rela.bss
 *(.rela.bss)

.rel.plt
 *(.rel.plt)

.rela.plt
 *(.rela.plt)

.text           0x00000000     0x3b3a
 *(.vectors)
 .vectors       0x00000000       0xe8 C:/Program Files (x86)/Atmel/Studio/7.0/Packs/Atmel/AVR-Dx_DFP/2.1.146/gcc/dev/avr128da48/avrxmega4/crtavr128da48.o
                0x00000000                __vector_default
                0x00000000                __vectors
 *(.vectors)
 *(.progmem.gcc*)
                0x000000e8                . = ALIGN (0x2)
                0x000000e8                __trampolines_start = .
 *(.trampolines)
 .trampolines   0x000000e8        0x0 linker stubs
 *(.trampolines*)
                0x000000e8                __trampolines_end = .
 *libprintf_flt.a:*(.progmem.data)
 *libc.a:*(.progmem.data)
 *(.progmem*)
                0x000000e8                . = ALIGN (0x2)
 *(.jumptables)
 *(.jumptables*)
 *(.lowtext)
 *(.lowtext*)
                0x000000e8                __ctors_start = .
 *(.ctors)
                0x000000e8                __ctors_end = .
                0x000000e8                __dtors_start = .
 *(.dtors)
                0x000000e8                __dtors_end = .
 SORT(*)(.ctors)
 SORT(*)(.dtors)
 *(.init0)
 .init0         0x000000e8        0x0 C:/Program Files (x86)/Atmel/Studio/7.0/Packs/Atmel/AVR-Dx_DFP/2.1.146/gcc/dev/avr128da48/avrxmega4/crtavr128da48.o
                0x000000e8                __init
 *(.init0)
 *(.init1)
 *(.init1)
 *(.init2)
 .init2         0x000000e8        0xc C:/Program Files (x86)/Atmel/Studio/7.0/Packs/Atmel/AVR-Dx_DFP/2.1.146/gcc/dev/avr128da48/avrxmega4/crtavr128da48.o
 *(.init2)
 *(.init3)
 *(.init3)
 *(.init4)
 .init4         0x000000f4       0x1a c:/program files (x86)/atmel/studio/7.0/toolchain/avr8/avr8-gnu-toolchain/bin/../lib/gcc/avr/5.4.0/avrxmega4\libgcc.a(_copy_data.o)
                0x000000f4                __do_copy_data
 .init4         0x0000010e       0x10 c:/program files (x86)/atmel/studio/7.0/toolchain/avr8/avr8-gnu-toolchain/bin/../lib/gcc/avr/5.4.0/avrxmega4\libgcc.a(_clear_bss.o)
                0x0000010e                __do_clear_bss
 *(.init4)
 *(.init5)
 *(.init5)
 *(.init6)
 *(.init6)
 *(.init7)
 *(.init7)
 *(.init8)
 *(.init8)
 *(.init9)
 .init9         0x0000011e        0x8 C:/Program Files (x86)/Atmel/Studio/7.0/Packs/Atmel/AVR-Dx_DFP/2.1.146/gcc/dev/avr128da48/avrxmega4/crtavr128da48.o
 *(.init9)
 *(.text)
 .text          0x00000126        0x4 C:/Program Files (x86)/Atmel/Studio/7.0/Packs/Atmel/AVR-Dx_DFP/2.1.146/gcc/dev/avr128da48/avrxmega4/crtavr128da48.o
                0x00000126                __vector_38
                0x00000126                __vector_22
                0x00000126                __vector_28
                0x00000126                __vector_1
                0x00000126                __vector_32
                0x00000126                __vector_34
                0x00000126                __vector_24
                0x00000126                __vector_12
                0x00000126                __vector_55
                0x00000126                __vector_46
                0x00000126                __bad_interrupt
                0x00000126                __vector_6
                0x00000126                __vector_31
                0x00000126                __vector_35
                0x00000126                __vector_39
                0x00000126                __vector_23
                0x00000126                __vector_30
                0x00000126                __vector_45
                0x00000126                __vector_25
                0x00000126                __vector_11
                0x00000126                __vector_54
                0x00000126                __vector_13
                0x00000126                __vector_17
                0x00000126                __vector_19
                0x00000126                __vector_56
                0x00000126                __vector_7
                0x00000126                __vector_49
                0x00000126                __vector_41
                0x00000126                __vector_43
                0x00000126                __vector_5
                0x00000126                __vector_33
                0x00000126                __vector_47
                0x00000126                __vector_52
                0x00000126                __vector_37
                0x00000126                __vector_4
                0x00000126                __vector_44
                0x00000126                __vector_51
                0x00000126                __vector_9
                0x00000126                __vector_2
                0x00000126                __vector_21
                0x00000126                __vector_15
                0x00000126                __vector_36
                0x00000126                __vector_29
                0x00000126                __vector_40
                0x00000126                __vector_8
                0x00000126                __vector_26
                0x00000126                __vector_48
                0x00000126                __vector_14
                0x00000126                __vector_57
                0x00000126                __vector_53
                0x00000126                __vector_10
                0x00000126                __vector_50
                0x00000126                __vector_16
                0x00000126                __vector_18
                0x00000126                __vector_20
                0x00000126                __vector_42
                0x0000012a                . = ALIGN (0x2)
 *(.text.*)
 .text.atmel_start_init
                0x0000012a        0xa atmel_start.o
                0x0000012a                atmel_start_init
 .text.__vector_3
                0x00000134       0x56 driver_isr.o
                0x00000134                __vector_3
 .text.touch_status_display
                0x0000018a       0x56 examples/src/touch_example.o
                0x0000018a                touch_status_display
 .text.touch_example
                0x000001e0       0x16 examples/src/touch_example.o
                0x000001e0                touch_example
 .text.shiftOut
                0x000001f6       0x7e main.o
                0x000001f6                shiftOut
 .text.main     0x00000274       0x58 main.o
                0x00000274                main
 .text.datastreamer_init
                0x000002cc        0x2 qtouch/datastreamer/datastreamer_UART_avr.o
                0x000002cc                datastreamer_init
 .text.datastreamer_transmit
                0x000002ce       0x1e qtouch/datastreamer/datastreamer_UART_avr.o
                0x000002ce                datastreamer_transmit
 .text.datastreamer_output
                0x000002ec      0x208 qtouch/datastreamer/datastreamer_UART_avr.o
                0x000002ec                datastreamer_output
 .text.qtm_measure_complete_callback
                0x000004f4        0x8 qtouch/touch.o
 .text.Timer_set_period
                0x000004fc       0x16 qtouch/touch.o
                0x000004fc                Timer_set_period
 .text.touch_init
                0x00000512       0xe0 qtouch/touch.o
                0x00000512                touch_init
 .text.touch_process
                0x000005f2       0xa0 qtouch/touch.o
                0x000005f2                touch_process
 .text.touch_timer_handler
                0x00000692       0xa6 qtouch/touch.o
                0x00000692                touch_timer_handler
 .text.get_sensor_node_signal
                0x00000738       0x1a qtouch/touch.o
                0x00000738                get_sensor_node_signal
 .text.get_sensor_node_reference
                0x00000752       0x1a qtouch/touch.o
                0x00000752                get_sensor_node_reference
 .text.get_sensor_cc_val
                0x0000076c       0x1a qtouch/touch.o
                0x0000076c                get_sensor_cc_val
 .text.get_sensor_state
                0x00000786       0x1e qtouch/touch.o
                0x00000786                get_sensor_state
 .text.__vector_27
                0x000007a4       0x50 qtouch/touch.o
                0x000007a4                __vector_27
 .text.BOD_init
                0x000007f4        0x8 src/bod.o
                0x000007f4                BOD_init
 .text.CLKCTRL_init
                0x000007fc       0x10 src/clkctrl.o
                0x000007fc                CLKCTRL_init
 .text.CPUINT_init
                0x0000080c        0x6 src/cpuint.o
                0x0000080c                CPUINT_init
 .text.mcu_init
                0x00000812       0x6e src/driver_init.o
                0x00000812                mcu_init
 .text.USART_initialization
                0x00000880       0x16 src/driver_init.o
                0x00000880                USART_initialization
 .text.system_init
                0x00000896       0x1e src/driver_init.o
                0x00000896                system_init
 .text.protected_write_io
                0x000008b4        0xa src/protected_io.o
                0x000008b4                protected_write_io
 .text.Timer_init
                0x000008be       0x1c src/rtc.o
                0x000008be                Timer_init
 .text.SLPCTRL_init
                0x000008da        0x4 src/slpctrl.o
                0x000008da                SLPCTRL_init
 .text.USART_init
                0x000008de       0x14 src/usart_basic.o
                0x000008de                USART_init
 .text.USART_is_tx_ready
                0x000008f2        0xc src/usart_basic.o
                0x000008f2                USART_is_tx_ready
 .text.USART_is_tx_busy
                0x000008fe       0x10 src/usart_basic.o
                0x000008fe                USART_is_tx_busy
 .text.USART_write
                0x0000090e       0x10 src/usart_basic.o
                0x0000090e                USART_write
 .text.check_for_aks_block
                0x0000091e       0xd2 ../qtouch/lib/gcc\libqtm_touch_key_avr128da_0x0002.a(avr_touch_key_g_avr128da.o)
 .text.qtm_update_qtlib_timer
                0x000009f0       0x16 ../qtouch/lib/gcc\libqtm_touch_key_avr128da_0x0002.a(avr_touch_key_g_avr128da.o)
                0x000009f0                qtm_update_qtlib_timer
 .text.qtm_init_sensor_key
                0x00000a06       0x3e ../qtouch/lib/gcc\libqtm_touch_key_avr128da_0x0002.a(avr_touch_key_g_avr128da.o)
                0x00000a06                qtm_init_sensor_key
 .text.qtm_key_sensors_process
                0x00000a44      0x74e ../qtouch/lib/gcc\libqtm_touch_key_avr128da_0x0002.a(avr_touch_key_g_avr128da.o)
                0x00000a44                qtm_key_sensors_process
 .text.getSwipeDirection
                0x00001192       0x66 ../qtouch/lib/gcc\libqtm_surface_gestures_avr128da_0x0023.a(avr_surface_gestures_g_avr128da.o)
 .text.appendEvent
                0x000011f8      0x318 ../qtouch/lib/gcc\libqtm_surface_gestures_avr128da_0x0023.a(avr_surface_gestures_g_avr128da.o)
 .text.Gestures_QueryStatus
                0x00001510        0xe ../qtouch/lib/gcc\libqtm_surface_gestures_avr128da_0x0023.a(avr_surface_gestures_g_avr128da.o)
                0x00001510                Gestures_QueryStatus
 .text.qtm_init_gestures_2d
                0x0000151e       0x2c ../qtouch/lib/gcc\libqtm_surface_gestures_avr128da_0x0023.a(avr_surface_gestures_g_avr128da.o)
                0x0000151e                qtm_init_gestures_2d
 .text.qtm_update_gesture_2d_timer
                0x0000154a       0x1a ../qtouch/lib/gcc\libqtm_surface_gestures_avr128da_0x0023.a(avr_surface_gestures_g_avr128da.o)
                0x0000154a                qtm_update_gesture_2d_timer
 .text.qtm_gestures_2d_process
                0x00001564      0x616 ../qtouch/lib/gcc\libqtm_surface_gestures_avr128da_0x0023.a(avr_surface_gestures_g_avr128da.o)
                0x00001564                qtm_gestures_2d_process
 .text.divide   0x00001b7a       0x50 ../qtouch/lib/gcc\libqtm_surface_cs_2t_avr128da_0x0025.a(avr_surface_cs_2t_g_avr128da.o)
 .text.median_filter_update
                0x00001bca       0x6e ../qtouch/lib/gcc\libqtm_surface_cs_2t_avr128da_0x0025.a(avr_surface_cs_2t_g_avr128da.o)
 .text.get_key_delta
                0x00001c38       0x32 ../qtouch/lib/gcc\libqtm_surface_cs_2t_avr128da_0x0025.a(avr_surface_cs_2t_g_avr128da.o)
 .text.get_axis_contact_size
                0x00001c6a       0xaa ../qtouch/lib/gcc\libqtm_surface_cs_2t_avr128da_0x0025.a(avr_surface_cs_2t_g_avr128da.o)
 .text.filter_position_iir
                0x00001d14       0x62 ../qtouch/lib/gcc\libqtm_surface_cs_2t_avr128da_0x0025.a(avr_surface_cs_2t_g_avr128da.o)
 .text.check_for_twin_peaks.isra.1
                0x00001d76       0xc0 ../qtouch/lib/gcc\libqtm_surface_cs_2t_avr128da_0x0025.a(avr_surface_cs_2t_g_avr128da.o)
 .text.deadband_and_scale
                0x00001e36       0x74 ../qtouch/lib/gcc\libqtm_surface_cs_2t_avr128da_0x0025.a(avr_surface_cs_2t_g_avr128da.o)
                0x00001e36                deadband_and_scale
 .text.get_interpolated_position.isra.2
                0x00001eaa      0x168 ../qtouch/lib/gcc\libqtm_surface_cs_2t_avr128da_0x0025.a(avr_surface_cs_2t_g_avr128da.o)
 .text.qtm_surface_cs2t_process
                0x00002012      0xdec ../qtouch/lib/gcc\libqtm_surface_cs_2t_avr128da_0x0025.a(avr_surface_cs_2t_g_avr128da.o)
                0x00002012                qtm_surface_cs2t_process
 .text.qtm_init_surface_cs2t
                0x00002dfe       0x46 ../qtouch/lib/gcc\libqtm_surface_cs_2t_avr128da_0x0025.a(avr_surface_cs_2t_g_avr128da.o)
                0x00002dfe                qtm_init_surface_cs2t
 .text.charge_share_test
                0x00002e44       0x90 ../qtouch/lib/gcc\libqtm_acq_avr128da_0x0037.a(avr_acq_g_avr128da.o)
 .text.select_next_channel_to_measure
                0x00002ed4       0x66 ../qtouch/lib/gcc\libqtm_acq_avr128da_0x0037.a(avr_acq_g_avr128da.o)
 .text.qtm_measure_node
                0x00002f3a      0x22a ../qtouch/lib/gcc\libqtm_acq_avr128da_0x0037.a(avr_acq_g_avr128da.o)
 .text.qtm_acquisition_process
                0x00003164      0x504 ../qtouch/lib/gcc\libqtm_acq_avr128da_0x0037.a(avr_acq_g_avr128da.o)
                0x00003164                qtm_acquisition_process
 .text.qtm_ptc_init_acquisition_module
                0x00003668      0x16e ../qtouch/lib/gcc\libqtm_acq_avr128da_0x0037.a(avr_acq_g_avr128da.o)
                0x00003668                qtm_ptc_init_acquisition_module
 .text.qtm_ptc_qtlib_assign_signal_memory
                0x000037d6       0x14 ../qtouch/lib/gcc\libqtm_acq_avr128da_0x0037.a(avr_acq_g_avr128da.o)
                0x000037d6                qtm_ptc_qtlib_assign_signal_memory
 .text.qtm_ptc_start_measurement_seq
                0x000037ea       0xe0 ../qtouch/lib/gcc\libqtm_acq_avr128da_0x0037.a(avr_acq_g_avr128da.o)
                0x000037ea                qtm_ptc_start_measurement_seq
 .text.qtm_enable_sensor_node
                0x000038ca       0x3e ../qtouch/lib/gcc\libqtm_acq_avr128da_0x0037.a(avr_acq_g_avr128da.o)
                0x000038ca                qtm_enable_sensor_node
 .text.qtm_calibrate_sensor_node
                0x00003908       0x82 ../qtouch/lib/gcc\libqtm_acq_avr128da_0x0037.a(avr_acq_g_avr128da.o)
                0x00003908                qtm_calibrate_sensor_node
 .text.qtm_avr_da_ptc_handler_wcomp
                0x0000398a       0x8c ../qtouch/lib/gcc\libqtm_acq_avr128da_0x0037.a(avr_acq_g_avr128da.o)
                0x0000398a                qtm_avr_da_ptc_handler_wcomp
 .text.qtm_avr_da_ptc_handler_eoc
                0x00003a16       0xae ../qtouch/lib/gcc\libqtm_acq_avr128da_0x0037.a(avr_acq_g_avr128da.o)
                0x00003a16                qtm_avr_da_ptc_handler_eoc
 .text.libgcc.mul
                0x00003ac4       0x1e c:/program files (x86)/atmel/studio/7.0/toolchain/avr8/avr8-gnu-toolchain/bin/../lib/gcc/avr/5.4.0/avrxmega4\libgcc.a(_umulhisi3.o)
                0x00003ac4                __umulhisi3
 .text.libgcc.builtins
                0x00003ae2       0x3c c:/program files (x86)/atmel/studio/7.0/toolchain/avr8/avr8-gnu-toolchain/bin/../lib/gcc/avr/5.4.0/avrxmega4\libgcc.a(_ashrdi3.o)
                0x00003ae2                __ashrdi3
                0x00003ae6                __lshrdi3
 .text.libgcc   0x00003b1e       0x18 c:/program files (x86)/atmel/studio/7.0/toolchain/avr8/avr8-gnu-toolchain/bin/../lib/gcc/avr/5.4.0/avrxmega4\libgcc.a(_cmpdi2_s8.o)
                0x00003b1e                __cmpdi2_s8
                0x00003b36                . = ALIGN (0x2)
 *(.fini9)
 .fini9         0x00003b36        0x0 c:/program files (x86)/atmel/studio/7.0/toolchain/avr8/avr8-gnu-toolchain/bin/../lib/gcc/avr/5.4.0/avrxmega4\libgcc.a(_exit.o)
                0x00003b36                _exit
                0x00003b36                exit
 *(.fini9)
 *(.fini8)
 *(.fini8)
 *(.fini7)
 *(.fini7)
 *(.fini6)
 *(.fini6)
 *(.fini5)
 *(.fini5)
 *(.fini4)
 *(.fini4)
 *(.fini3)
 *(.fini3)
 *(.fini2)
 *(.fini2)
 *(.fini1)
 *(.fini1)
 *(.fini0)
 .fini0         0x00003b36        0x4 c:/program files (x86)/atmel/studio/7.0/toolchain/avr8/avr8-gnu-toolchain/bin/../lib/gcc/avr/5.4.0/avrxmega4\libgcc.a(_exit.o)
 *(.fini0)
                0x00003b3a                _etext = .

.data           0x00804000      0x226 load address 0x00003b3a
                0x00804000                PROVIDE (__data_start, .)
 *(.data)
 *(.data*)
 .data.data     0x00804000       0x13 qtouch/datastreamer/datastreamer_UART_avr.o
                0x00804000                data
 .data.qtm_gestures_2d_control1
                0x00804013        0x4 qtouch/touch.o
                0x00804013                qtm_gestures_2d_control1
 .data.qtm_gestures_2d_config
                0x00804017       0x1a qtouch/touch.o
                0x00804017                qtm_gestures_2d_config
 .data.qtm_surface_cs_control1
                0x00804031        0x6 qtouch/touch.o
                0x00804031                qtm_surface_cs_control1
 .data.qtm_surface_cs_config1
                0x00804037        0xd qtouch/touch.o
                0x00804037                qtm_surface_cs_config1
 .data.qtlib_key_set1
                0x00804044        0x8 qtouch/touch.o
                0x00804044                qtlib_key_set1
 .data.qtlib_key_configs_set1
                0x0080404c       0x12 qtouch/touch.o
                0x0080404c                qtlib_key_configs_set1
 .data.qtlib_key_grp_config_set1
                0x0080405e        0xa qtouch/touch.o
                0x0080405e                qtlib_key_grp_config_set1
 .data.qtlib_acq_set1
                0x00804068        0x6 qtouch/touch.o
                0x00804068                qtlib_acq_set1
 .data.ptc_seq_node_cfg1
                0x0080406e       0x78 qtouch/touch.o
                0x0080406e                ptc_seq_node_cfg1
 .data.ptc_qtlib_acq_gen1
                0x008040e6        0x5 qtouch/touch.o
                0x008040e6                ptc_qtlib_acq_gen1
 .data.lastEventDir.1954
                0x008040eb        0x1 ../qtouch/lib/gcc\libqtm_surface_gestures_avr128da_0x0023.a(avr_surface_gestures_g_avr128da.o)
 .data.first_time.1959
                0x008040ec        0x1 ../qtouch/lib/gcc\libqtm_surface_gestures_avr128da_0x0023.a(avr_surface_gestures_g_avr128da.o)
 .data.qtm_which_mode_current
                0x008040ed        0x1 ../qtouch/lib/gcc\libqtm_acq_avr128da_0x0037.a(avr_acq_g_avr128da.o)
                0x008040ed                qtm_which_mode_current
 *(.gnu.linkonce.d*)
 *(.rodata)
 *(.rodata*)
 .rodata.GESTURE_EVENTS
                0x008040ee       0xdc ../qtouch/lib/gcc\libqtm_surface_gestures_avr128da_0x0023.a(avr_surface_gestures_g_avr128da.o)
                0x008040ee                GESTURE_EVENTS
 .rodata.stateTable
                0x008041ca       0x10 ../qtouch/lib/gcc\libqtm_surface_gestures_avr128da_0x0023.a(avr_surface_gestures_g_avr128da.o)
                0x008041ca                stateTable
 .rodata.multipliers_tau_calc
                0x008041da        0x8 ../qtouch/lib/gcc\libqtm_acq_avr128da_0x0037.a(avr_acq_g_avr128da.o)
 .rodata.gain_setting_int_cap
                0x008041e2        0x5 ../qtouch/lib/gcc\libqtm_acq_avr128da_0x0037.a(avr_acq_g_avr128da.o)
 .rodata.port_array
                0x008041e7        0xe ../qtouch/lib/gcc\libqtm_acq_avr128da_0x0037.a(avr_acq_g_avr128da.o)
 .rodata.PTC_XY_PINS
                0x008041f5       0x30 ../qtouch/lib/gcc\libqtm_acq_avr128da_0x0037.a(avr_acq_g_avr128da.o)
 *(.gnu.linkonce.r*)
                0x00804226                . = ALIGN (0x2)
 *fill*         0x00804225        0x1 
                0x00804226                _edata = .
                0x00804226                PROVIDE (__data_end, .)

.bss            0x00804226       0xe4
                0x00804226                PROVIDE (__bss_start, .)
 *(.bss)
 *(.bss*)
 .bss.key_status
                0x00804226        0x1 examples/src/touch_example.o
                0x00804226                key_status
 .bss.sequence.5026
                0x00804227        0x1 qtouch/datastreamer/datastreamer_UART_avr.o
 .bss.touch_gesture_time_cnt
                0x00804228        0x2 qtouch/touch.o
 .bss.module_error_code
                0x0080422a        0x1 qtouch/touch.o
                0x0080422a                module_error_code
 .bss.measurement_done_touch
                0x0080422b        0x1 qtouch/touch.o
                0x0080422b                measurement_done_touch
 .bss.touch_postprocess_request
                0x0080422c        0x1 qtouch/touch.o
                0x0080422c                touch_postprocess_request
 .bss.time_to_measure_touch_flag
                0x0080422d        0x1 qtouch/touch.o
                0x0080422d                time_to_measure_touch_flag
 .bss.qtm_local_ms_timecount
                0x0080422e        0x2 ../qtouch/lib/gcc\libqtm_touch_key_avr128da_0x0002.a(avr_touch_key_g_avr128da.o)
                0x0080422e                qtm_local_ms_timecount
 .bss.wheelOutputCounter.1958
                0x00804230        0x1 ../qtouch/lib/gcc\libqtm_surface_gestures_avr128da_0x0023.a(avr_surface_gestures_g_avr128da.o)
 .bss.wheelCount.1957
                0x00804231        0x1 ../qtouch/lib/gcc\libqtm_surface_gestures_avr128da_0x0023.a(avr_surface_gestures_g_avr128da.o)
 .bss.wheelStart.1955
                0x00804232        0x1 ../qtouch/lib/gcc\libqtm_surface_gestures_avr128da_0x0023.a(avr_surface_gestures_g_avr128da.o)
 .bss.quadrant_count.1953
                0x00804233        0x1 ../qtouch/lib/gcc\libqtm_surface_gestures_avr128da_0x0023.a(avr_surface_gestures_g_avr128da.o)
 .bss.wheelDir.1956
                0x00804234        0x1 ../qtouch/lib/gcc\libqtm_surface_gestures_avr128da_0x0023.a(avr_surface_gestures_g_avr128da.o)
 .bss.previousFingerDistance.1907
                0x00804235        0x2 ../qtouch/lib/gcc\libqtm_surface_gestures_avr128da_0x0023.a(avr_surface_gestures_g_avr128da.o)
 .bss.increment.1908
                0x00804237        0x1 ../qtouch/lib/gcc\libqtm_surface_gestures_avr128da_0x0023.a(avr_surface_gestures_g_avr128da.o)
 .bss.last_contact_status.1901
                0x00804238        0x2 ../qtouch/lib/gcc\libqtm_surface_gestures_avr128da_0x0023.a(avr_surface_gestures_g_avr128da.o)
 .bss.tapThreshExceeded.1917
                0x0080423a        0x1 ../qtouch/lib/gcc\libqtm_surface_gestures_avr128da_0x0023.a(avr_surface_gestures_g_avr128da.o)
 .bss.swipeCounter.1916
                0x0080423b        0x1 ../qtouch/lib/gcc\libqtm_surface_gestures_avr128da_0x0023.a(avr_surface_gestures_g_avr128da.o)
 .bss.lastEvent.1915
                0x0080423c        0x1 ../qtouch/lib/gcc\libqtm_surface_gestures_avr128da_0x0023.a(avr_surface_gestures_g_avr128da.o)
 .bss.y_position.1919
                0x0080423d        0x2 ../qtouch/lib/gcc\libqtm_surface_gestures_avr128da_0x0023.a(avr_surface_gestures_g_avr128da.o)
 .bss.x_position.1918
                0x0080423f        0x2 ../qtouch/lib/gcc\libqtm_surface_gestures_avr128da_0x0023.a(avr_surface_gestures_g_avr128da.o)
 .bss.dualFingerGesture
                0x00804241        0x1 ../qtouch/lib/gcc\libqtm_surface_gestures_avr128da_0x0023.a(avr_surface_gestures_g_avr128da.o)
 .bss.timeouttrack
                0x00804242        0x1 ../qtouch/lib/gcc\libqtm_surface_gestures_avr128da_0x0023.a(avr_surface_gestures_g_avr128da.o)
 .bss.distanceTrackingStatus
                0x00804243        0x1 ../qtouch/lib/gcc\libqtm_surface_gestures_avr128da_0x0023.a(avr_surface_gestures_g_avr128da.o)
 .bss.diag      0x00804244        0x1 ../qtouch/lib/gcc\libqtm_surface_gestures_avr128da_0x0023.a(avr_surface_gestures_g_avr128da.o)
 .bss.value     0x00804245        0x1 ../qtouch/lib/gcc\libqtm_surface_gestures_avr128da_0x0023.a(avr_surface_gestures_g_avr128da.o)
 .bss.status    0x00804246        0x1 ../qtouch/lib/gcc\libqtm_surface_gestures_avr128da_0x0023.a(avr_surface_gestures_g_avr128da.o)
 .bss.currentGesture
                0x00804247        0xb ../qtouch/lib/gcc\libqtm_surface_gestures_avr128da_0x0023.a(avr_surface_gestures_g_avr128da.o)
 .bss.eventQueue
                0x00804252        0x4 ../qtouch/lib/gcc\libqtm_surface_gestures_avr128da_0x0023.a(avr_surface_gestures_g_avr128da.o)
 .bss.eventCounter
                0x00804256        0x1 ../qtouch/lib/gcc\libqtm_surface_gestures_avr128da_0x0023.a(avr_surface_gestures_g_avr128da.o)
 .bss.tapCount  0x00804257        0x1 ../qtouch/lib/gcc\libqtm_surface_gestures_avr128da_0x0023.a(avr_surface_gestures_g_avr128da.o)
 .bss.touchUp   0x00804258        0x4 ../qtouch/lib/gcc\libqtm_surface_gestures_avr128da_0x0023.a(avr_surface_gestures_g_avr128da.o)
 .bss.touchStream
                0x0080425c        0x4 ../qtouch/lib/gcc\libqtm_surface_gestures_avr128da_0x0023.a(avr_surface_gestures_g_avr128da.o)
 .bss.touchDown
                0x00804260        0x4 ../qtouch/lib/gcc\libqtm_surface_gestures_avr128da_0x0023.a(avr_surface_gestures_g_avr128da.o)
 .bss.v_extrapolated
                0x00804264        0x4 ../qtouch/lib/gcc\libqtm_surface_cs_2t_avr128da_0x0025.a(avr_surface_cs_2t_g_avr128da.o)
 .bss.h_extrapolated
                0x00804268        0x4 ../qtouch/lib/gcc\libqtm_surface_cs_2t_avr128da_0x0025.a(avr_surface_cs_2t_g_avr128da.o)
 .bss.v_history
                0x0080426c        0x4 ../qtouch/lib/gcc\libqtm_surface_cs_2t_avr128da_0x0025.a(avr_surface_cs_2t_g_avr128da.o)
 .bss.h_history
                0x00804270        0x4 ../qtouch/lib/gcc\libqtm_surface_cs_2t_avr128da_0x0025.a(avr_surface_cs_2t_g_avr128da.o)
 .bss.median_filter_data_buffer
                0x00804274       0x18 ../qtouch/lib/gcc\libqtm_surface_cs_2t_avr128da_0x0025.a(avr_surface_cs_2t_g_avr128da.o)
 .bss.ptc_wcomp_happened_pointer
                0x0080428c        0x2 ../qtouch/lib/gcc\libqtm_acq_avr128da_0x0037.a(avr_acq_g_avr128da.o)
 .bss.ptc_seq_measure_complete_pointer
                0x0080428e        0x2 ../qtouch/lib/gcc\libqtm_acq_avr128da_0x0037.a(avr_acq_g_avr128da.o)
 .bss.touch_seq_lib_state
                0x00804290        0x1 ../qtouch/lib/gcc\libqtm_acq_avr128da_0x0037.a(avr_acq_g_avr128da.o)
 .bss.current_measure_channel
                0x00804291        0x2 ../qtouch/lib/gcc\libqtm_acq_avr128da_0x0037.a(avr_acq_g_avr128da.o)
 *(COMMON)
 COMMON         0x00804293       0x6f qtouch/touch.o
                0x00804293                qtm_surface_cs_data1
                0x00804294                qtlib_key_grp_data_set1
                0x0080429a                interrupt_cnt
                0x0080429b                ptc_qtlib_node_stat1
                0x008042b9                touch_acq_signals_raw
                0x008042c5                qtm_surface_contacts
                0x008042db                qtm_gestures_2d_data
                0x008042de                qtlib_key_data_set1
 COMMON         0x00804302        0x4 ../qtouch/lib/gcc\libqtm_surface_gestures_avr128da_0x0023.a(avr_surface_gestures_g_avr128da.o)
                0x00804302                timer
                0x00804304                cfgRam
 COMMON         0x00804306        0x4 ../qtouch/lib/gcc\libqtm_acq_avr128da_0x0037.a(avr_acq_g_avr128da.o)
                0x00804306                qtm_acquisition_control_working_set_ptr
                0x00804308                qtm_raw_data_measurements_ptr
                0x0080430a                PROVIDE (__bss_end, .)
                0x00003b3a                __data_load_start = LOADADDR (.data)
                0x00003d60                __data_load_end = (__data_load_start + SIZEOF (.data))

.noinit         0x0080430a        0x0
                [!provide]                PROVIDE (__noinit_start, .)
 *(.noinit*)
                [!provide]                PROVIDE (__noinit_end, .)
                0x0080430a                _end = .
                [!provide]                PROVIDE (__heap_start, .)

.eeprom         0x00810000        0x0
 *(.eeprom*)
                0x00810000                __eeprom_end = .

.fuse
 *(.fuse)
 *(.lfuse)
 *(.hfuse)
 *(.efuse)

.lock
 *(.lock*)

.signature
 *(.signature*)

.user_signatures
 *(.user_signatures*)

.stab
 *(.stab)

.stabstr
 *(.stabstr)

.stab.excl
 *(.stab.excl)

.stab.exclstr
 *(.stab.exclstr)

.stab.index
 *(.stab.index)

.stab.indexstr
 *(.stab.indexstr)

.comment        0x00000000       0x30
 *(.comment)
 .comment       0x00000000       0x30 atmel_start.o
                                 0x31 (size before relaxing)
 .comment       0x00000030       0x31 driver_isr.o
 .comment       0x00000030       0x31 examples/src/touch_example.o
 .comment       0x00000030       0x31 main.o
 .comment       0x00000030       0x31 qtouch/datastreamer/datastreamer_UART_avr.o
 .comment       0x00000030       0x31 qtouch/touch.o
 .comment       0x00000030       0x31 src/bod.o
 .comment       0x00000030       0x31 src/clkctrl.o
 .comment       0x00000030       0x31 src/cpuint.o
 .comment       0x00000030       0x31 src/driver_init.o
 .comment       0x00000030       0x31 src/rtc.o
 .comment       0x00000030       0x31 src/slpctrl.o
 .comment       0x00000030       0x31 src/usart_basic.o
 .comment       0x00000030       0x31 ../qtouch/lib/gcc\libqtm_touch_key_avr128da_0x0002.a(avr_touch_key_g_avr128da.o)
 .comment       0x00000030       0x31 ../qtouch/lib/gcc\libqtm_surface_gestures_avr128da_0x0023.a(avr_surface_gestures_g_avr128da.o)
 .comment       0x00000030       0x31 ../qtouch/lib/gcc\libqtm_surface_cs_2t_avr128da_0x0025.a(avr_surface_cs_2t_g_avr128da.o)
 .comment       0x00000030       0x31 ../qtouch/lib/gcc\libqtm_acq_avr128da_0x0037.a(avr_acq_g_avr128da.o)

.note.gnu.avr.deviceinfo
                0x00000000       0x40
 .note.gnu.avr.deviceinfo
                0x00000000       0x40 C:/Program Files (x86)/Atmel/Studio/7.0/Packs/Atmel/AVR-Dx_DFP/2.1.146/gcc/dev/avr128da48/avrxmega4/crtavr128da48.o

.note.gnu.build-id
 *(.note.gnu.build-id)

.debug
 *(.debug)

.line
 *(.line)

.debug_srcinfo
 *(.debug_srcinfo)

.debug_sfnames
 *(.debug_sfnames)

.debug_aranges  0x00000000      0x2c8
 *(.debug_aranges)
 .debug_aranges
                0x00000000       0x20 atmel_start.o
 .debug_aranges
                0x00000020       0x20 driver_isr.o
 .debug_aranges
                0x00000040       0x28 examples/src/touch_example.o
 .debug_aranges
                0x00000068       0x28 main.o
 .debug_aranges
                0x00000090       0x30 qtouch/datastreamer/datastreamer_UART_avr.o
 .debug_aranges
                0x000000c0       0xa0 qtouch/touch.o
 .debug_aranges
                0x00000160       0x20 src/bod.o
 .debug_aranges
                0x00000180       0x20 src/clkctrl.o
 .debug_aranges
                0x000001a0       0x20 src/cpuint.o
 .debug_aranges
                0x000001c0       0x30 src/driver_init.o
 .debug_aranges
                0x000001f0       0x20 src/protected_io.o
 .debug_aranges
                0x00000210       0x20 src/rtc.o
 .debug_aranges
                0x00000230       0x28 src/slpctrl.o
 .debug_aranges
                0x00000258       0x70 src/usart_basic.o

.debug_pubnames
 *(.debug_pubnames)

.debug_info     0x00000000     0x7037
 *(.debug_info .gnu.linkonce.wi.*)
 .debug_info    0x00000000     0x3227 C:/Program Files (x86)/Atmel/Studio/7.0/Packs/Atmel/AVR-Dx_DFP/2.1.146/gcc/dev/avr128da48/avrxmega4/crtavr128da48.o
 .debug_info    0x00003227       0xb0 atmel_start.o
 .debug_info    0x000032d7      0x2fa driver_isr.o
 .debug_info    0x000035d1      0x186 examples/src/touch_example.o
 .debug_info    0x00003757      0x48b main.o
 .debug_info    0x00003be2      0x601 qtouch/datastreamer/datastreamer_UART_avr.o
 .debug_info    0x000041e3     0x1acd qtouch/touch.o
 .debug_info    0x00005cb0      0x188 src/bod.o
 .debug_info    0x00005e38      0x286 src/clkctrl.o
 .debug_info    0x000060be       0x8d src/cpuint.o
 .debug_info    0x0000614b      0x67a src/driver_init.o
 .debug_info    0x000067c5       0x74 src/protected_io.o
 .debug_info    0x00006839      0x389 src/rtc.o
 .debug_info    0x00006bc2      0x136 src/slpctrl.o
 .debug_info    0x00006cf8      0x33f src/usart_basic.o

.debug_abbrev   0x00000000     0x3e7b
 *(.debug_abbrev)
 .debug_abbrev  0x00000000     0x2f80 C:/Program Files (x86)/Atmel/Studio/7.0/Packs/Atmel/AVR-Dx_DFP/2.1.146/gcc/dev/avr128da48/avrxmega4/crtavr128da48.o
 .debug_abbrev  0x00002f80       0x63 atmel_start.o
 .debug_abbrev  0x00002fe3       0xeb driver_isr.o
 .debug_abbrev  0x000030ce       0xbd examples/src/touch_example.o
 .debug_abbrev  0x0000318b      0x1c8 main.o
 .debug_abbrev  0x00003353      0x148 qtouch/datastreamer/datastreamer_UART_avr.o
 .debug_abbrev  0x0000349b      0x33c qtouch/touch.o
 .debug_abbrev  0x000037d7       0xaf src/bod.o
 .debug_abbrev  0x00003886      0x117 src/clkctrl.o
 .debug_abbrev  0x0000399d       0x51 src/cpuint.o
 .debug_abbrev  0x000039ee      0x189 src/driver_init.o
 .debug_abbrev  0x00003b77       0x14 src/protected_io.o
 .debug_abbrev  0x00003b8b       0xe6 src/rtc.o
 .debug_abbrev  0x00003c71       0xc4 src/slpctrl.o
 .debug_abbrev  0x00003d35      0x146 src/usart_basic.o

.debug_line     0x00000000     0x19c5
 *(.debug_line .debug_line.* .debug_line_end)
 .debug_line    0x00000000      0x1f3 C:/Program Files (x86)/Atmel/Studio/7.0/Packs/Atmel/AVR-Dx_DFP/2.1.146/gcc/dev/avr128da48/avrxmega4/crtavr128da48.o
 .debug_line    0x000001f3       0x8b atmel_start.o
 .debug_line    0x0000027e      0x13d driver_isr.o
 .debug_line    0x000003bb      0x121 examples/src/touch_example.o
 .debug_line    0x000004dc      0x27b main.o
 .debug_line    0x00000757      0x2ee qtouch/datastreamer/datastreamer_UART_avr.o
 .debug_line    0x00000a45      0x521 qtouch/touch.o
 .debug_line    0x00000f66      0x10d src/bod.o
 .debug_line    0x00001073      0x13b src/clkctrl.o
 .debug_line    0x000011ae       0xab src/cpuint.o
 .debug_line    0x00001259      0x282 src/driver_init.o
 .debug_line    0x000014db       0x5b src/protected_io.o
 .debug_line    0x00001536      0x12b src/rtc.o
 .debug_line    0x00001661      0x121 src/slpctrl.o
 .debug_line    0x00001782      0x243 src/usart_basic.o

.debug_frame    0x00000000      0x4d4
 *(.debug_frame)
 .debug_frame   0x00000000       0x24 atmel_start.o
 .debug_frame   0x00000024       0x6c driver_isr.o
 .debug_frame   0x00000090       0x34 examples/src/touch_example.o
 .debug_frame   0x000000c4       0x48 main.o
 .debug_frame   0x0000010c       0x70 qtouch/datastreamer/datastreamer_UART_avr.o
 .debug_frame   0x0000017c      0x18c qtouch/touch.o
 .debug_frame   0x00000308       0x24 src/bod.o
 .debug_frame   0x0000032c       0x24 src/clkctrl.o
 .debug_frame   0x00000350       0x24 src/cpuint.o
 .debug_frame   0x00000374       0x44 src/driver_init.o
 .debug_frame   0x000003b8       0x24 src/rtc.o
 .debug_frame   0x000003dc       0x34 src/slpctrl.o
 .debug_frame   0x00000410       0xc4 src/usart_basic.o

.debug_str      0x00000000     0x3513
 *(.debug_str)
 .debug_str     0x00000000     0x153f C:/Program Files (x86)/Atmel/Studio/7.0/Packs/Atmel/AVR-Dx_DFP/2.1.146/gcc/dev/avr128da48/avrxmega4/crtavr128da48.o
 .debug_str     0x0000153f      0x15f atmel_start.o
                                0x193 (size before relaxing)
 .debug_str     0x0000169e       0xf2 driver_isr.o
                                0x270 (size before relaxing)
 .debug_str     0x00001790       0x84 examples/src/touch_example.o
                                0x1e4 (size before relaxing)
 .debug_str     0x00001814      0x12a main.o
                                0x2f3 (size before relaxing)
 .debug_str     0x0000193e      0x406 qtouch/datastreamer/datastreamer_UART_avr.o
                                0x59a (size before relaxing)
 .debug_str     0x00001d44     0x1129 qtouch/touch.o
                               0x1804 (size before relaxing)
 .debug_str     0x00002e6d       0x7e src/bod.o
                                0x22b (size before relaxing)
 .debug_str     0x00002eeb       0xe6 src/clkctrl.o
                                0x28c (size before relaxing)
 .debug_str     0x00002fd1       0x1c src/cpuint.o
                                0x17b (size before relaxing)
 .debug_str     0x00002fed      0x116 src/driver_init.o
                                0x3d0 (size before relaxing)
 .debug_str     0x00003103      0x201 src/rtc.o
                                0x452 (size before relaxing)
 .debug_str     0x00003304       0xb9 src/slpctrl.o
                                0x23f (size before relaxing)
 .debug_str     0x000033bd      0x156 src/usart_basic.o
                                0x34a (size before relaxing)

.debug_loc      0x00000000      0xcc4
 *(.debug_loc)
 .debug_loc     0x00000000       0xcb driver_isr.o
 .debug_loc     0x000000cb      0x1f5 main.o
 .debug_loc     0x000002c0      0x1e4 qtouch/datastreamer/datastreamer_UART_avr.o
 .debug_loc     0x000004a4      0x6bb qtouch/touch.o
 .debug_loc     0x00000b5f       0x2a src/clkctrl.o
 .debug_loc     0x00000b89      0x11a src/driver_init.o
 .debug_loc     0x00000ca3       0x21 src/slpctrl.o

.debug_macinfo
 *(.debug_macinfo)

.debug_weaknames
 *(.debug_weaknames)

.debug_funcnames
 *(.debug_funcnames)

.debug_typenames
 *(.debug_typenames)

.debug_varnames
 *(.debug_varnames)

.debug_pubtypes
 *(.debug_pubtypes)

.debug_ranges   0x00000000      0x1d8
 *(.debug_ranges)
 .debug_ranges  0x00000000       0x10 atmel_start.o
 .debug_ranges  0x00000010       0x10 driver_isr.o
 .debug_ranges  0x00000020       0x18 examples/src/touch_example.o
 .debug_ranges  0x00000038       0x18 main.o
 .debug_ranges  0x00000050       0x20 qtouch/datastreamer/datastreamer_UART_avr.o
 .debug_ranges  0x00000070       0x90 qtouch/touch.o
 .debug_ranges  0x00000100       0x10 src/bod.o
 .debug_ranges  0x00000110       0x10 src/clkctrl.o
 .debug_ranges  0x00000120       0x10 src/cpuint.o
 .debug_ranges  0x00000130       0x20 src/driver_init.o
 .debug_ranges  0x00000150       0x10 src/rtc.o
 .debug_ranges  0x00000160       0x18 src/slpctrl.o
 .debug_ranges  0x00000178       0x60 src/usart_basic.o

.debug_macro
 *(.debug_macro)
OUTPUT(surface.elf elf32-avr)
LOAD linker stubs
